../Display/display.c:679:27:LinesIntersection	4	static
../Display/display.c:41:6:Display_TC_Callback	16	static
../Display/display.c:80:6:LCD_Delay	0	static
../Display/display.c:97:6:LCD_String_Interpretator	8	static
../Display/display.c:123:6:LCD_HardWareReset	4	static
../Display/display.c:140:6:LCD_SetOrientation	24	static
../Display/display.c:180:14:LCD_DisplayAdd	40	static
../Display/display.c:267:6:LCD_Delete	0	static
../Display/display.c:284:16:LCD_GetBackLight	0	static
../Display/display.c:290:17:LCD_GetWidth	0	static
../Display/display.c:296:17:LCD_GetHeight	0	static
../Display/display.c:303:18:LCD_GetState	0	static
../Display/display.c:312:6:LCD_SetBackLight	8	static
../Display/display.c:275:6:LCD_Init	8	static
../Display/display.c:359:6:LCD_SleepIn	8	static
../Display/display.c:391:6:LCD_SleepOut	8	static
../Display/display.c:405:6:LCD_SetActiveWindow	16	static
../Display/display.c:416:6:LCD_WriteDataDMA	0	static
../Display/display.c:461:6:LCD_WriteData	0	static
../Display/display.c:477:6:LCD_FillWindow	24	static
../Display/display.c:543:6:LCD_DrawImage	32	static
../Display/display.c:556:6:LCD_Fill	16	static
../Display/display.c:562:6:LCD_DrawPixel	16	static
../Display/display.c:573:6:LCD_DrawLine	56	static
../Display/display.c:636:6:LCD_DrawRectangle	40	static
../Display/display.c:645:6:LCD_DrawFilledRectangle	8	static
../Display/display.c:658:6:LCD_DrawTriangle	48	static
../Display/display.c:706:6:LCD_DrawFilledTriangle	112	static
../Display/display.c:757:6:LCD_DrawCircle	64	static
../Display/display.c:793:6:LCD_DrawFilledCircle	64	static
../Display/display.c:829:6:LCD_WriteChar	56	static
../Display/display.c:881:6:LCD_WriteString	56	static
../Display/display.c:899:17:LCD_Color	0	static
../Display/display.c:908:17:LCD_Color_24b_to_16b	0	static
