Archive member included to satisfy reference by file (symbol)

F:/ST/STM32CubeIDE_1.1.0/STM32CubeIDE/plugins/com.st.stm32cube.ide.mcu.externaltools.gnu-tools-for-stm32.13.3.rel1.win32_1.0.0.202411081344/tools/bin/../lib/gcc/arm-none-eabi/13.3.1/../../../../arm-none-eabi/lib/thumb/v7e-m+fp/hard\libc_nano.a(libc_a-calloc.o)
                              ./Display/display.o (calloc)
F:/ST/STM32CubeIDE_1.1.0/STM32CubeIDE/plugins/com.st.stm32cube.ide.mcu.externaltools.gnu-tools-for-stm32.13.3.rel1.win32_1.0.0.202411081344/tools/bin/../lib/gcc/arm-none-eabi/13.3.1/../../../../arm-none-eabi/lib/thumb/v7e-m+fp/hard\libc_nano.a(libc_a-callocr.o)
                              F:/ST/STM32CubeIDE_1.1.0/STM32CubeIDE/plugins/com.st.stm32cube.ide.mcu.externaltools.gnu-tools-for-stm32.13.3.rel1.win32_1.0.0.202411081344/tools/bin/../lib/gcc/arm-none-eabi/13.3.1/../../../../arm-none-eabi/lib/thumb/v7e-m+fp/hard\libc_nano.a(libc_a-calloc.o) (_calloc_r)
F:/ST/STM32CubeIDE_1.1.0/STM32CubeIDE/plugins/com.st.stm32cube.ide.mcu.externaltools.gnu-tools-for-stm32.13.3.rel1.win32_1.0.0.202411081344/tools/bin/../lib/gcc/arm-none-eabi/13.3.1/../../../../arm-none-eabi/lib/thumb/v7e-m+fp/hard\libc_nano.a(libc_a-exit.o)
                              F:/ST/STM32CubeIDE_1.1.0/STM32CubeIDE/plugins/com.st.stm32cube.ide.mcu.externaltools.gnu-tools-for-stm32.13.3.rel1.win32_1.0.0.202411081344/tools/bin/../lib/gcc/arm-none-eabi/13.3.1/../../../../arm-none-eabi/lib/thumb/v7e-m+fp/hard/crt0.o (exit)
F:/ST/STM32CubeIDE_1.1.0/STM32CubeIDE/plugins/com.st.stm32cube.ide.mcu.externaltools.gnu-tools-for-stm32.13.3.rel1.win32_1.0.0.202411081344/tools/bin/../lib/gcc/arm-none-eabi/13.3.1/../../../../arm-none-eabi/lib/thumb/v7e-m+fp/hard\libc_nano.a(libc_a-itoa.o)
                              ./XPT2046/demo.o (itoa)
F:/ST/STM32CubeIDE_1.1.0/STM32CubeIDE/plugins/com.st.stm32cube.ide.mcu.externaltools.gnu-tools-for-stm32.13.3.rel1.win32_1.0.0.202411081344/tools/bin/../lib/gcc/arm-none-eabi/13.3.1/../../../../arm-none-eabi/lib/thumb/v7e-m+fp/hard\libc_nano.a(libc_a-malloc.o)
                              ./Core/Src/main.o (malloc)
F:/ST/STM32CubeIDE_1.1.0/STM32CubeIDE/plugins/com.st.stm32cube.ide.mcu.externaltools.gnu-tools-for-stm32.13.3.rel1.win32_1.0.0.202411081344/tools/bin/../lib/gcc/arm-none-eabi/13.3.1/../../../../arm-none-eabi/lib/thumb/v7e-m+fp/hard\libc_nano.a(libc_a-mallocr.o)
                              F:/ST/STM32CubeIDE_1.1.0/STM32CubeIDE/plugins/com.st.stm32cube.ide.mcu.externaltools.gnu-tools-for-stm32.13.3.rel1.win32_1.0.0.202411081344/tools/bin/../lib/gcc/arm-none-eabi/13.3.1/../../../../arm-none-eabi/lib/thumb/v7e-m+fp/hard\libc_nano.a(libc_a-callocr.o) (_malloc_r)
F:/ST/STM32CubeIDE_1.1.0/STM32CubeIDE/plugins/com.st.stm32cube.ide.mcu.externaltools.gnu-tools-for-stm32.13.3.rel1.win32_1.0.0.202411081344/tools/bin/../lib/gcc/arm-none-eabi/13.3.1/../../../../arm-none-eabi/lib/thumb/v7e-m+fp/hard\libc_nano.a(libc_a-mlock.o)
                              F:/ST/STM32CubeIDE_1.1.0/STM32CubeIDE/plugins/com.st.stm32cube.ide.mcu.externaltools.gnu-tools-for-stm32.13.3.rel1.win32_1.0.0.202411081344/tools/bin/../lib/gcc/arm-none-eabi/13.3.1/../../../../arm-none-eabi/lib/thumb/v7e-m+fp/hard\libc_nano.a(libc_a-mallocr.o) (__malloc_lock)
F:/ST/STM32CubeIDE_1.1.0/STM32CubeIDE/plugins/com.st.stm32cube.ide.mcu.externaltools.gnu-tools-for-stm32.13.3.rel1.win32_1.0.0.202411081344/tools/bin/../lib/gcc/arm-none-eabi/13.3.1/../../../../arm-none-eabi/lib/thumb/v7e-m+fp/hard\libc_nano.a(libc_a-rand.o)
                              ./XPT2046/demo.o (rand)
F:/ST/STM32CubeIDE_1.1.0/STM32CubeIDE/plugins/com.st.stm32cube.ide.mcu.externaltools.gnu-tools-for-stm32.13.3.rel1.win32_1.0.0.202411081344/tools/bin/../lib/gcc/arm-none-eabi/13.3.1/../../../../arm-none-eabi/lib/thumb/v7e-m+fp/hard\libc_nano.a(libc_a-utoa.o)
                              F:/ST/STM32CubeIDE_1.1.0/STM32CubeIDE/plugins/com.st.stm32cube.ide.mcu.externaltools.gnu-tools-for-stm32.13.3.rel1.win32_1.0.0.202411081344/tools/bin/../lib/gcc/arm-none-eabi/13.3.1/../../../../arm-none-eabi/lib/thumb/v7e-m+fp/hard\libc_nano.a(libc_a-itoa.o) (__utoa)
F:/ST/STM32CubeIDE_1.1.0/STM32CubeIDE/plugins/com.st.stm32cube.ide.mcu.externaltools.gnu-tools-for-stm32.13.3.rel1.win32_1.0.0.202411081344/tools/bin/../lib/gcc/arm-none-eabi/13.3.1/../../../../arm-none-eabi/lib/thumb/v7e-m+fp/hard\libc_nano.a(libc_a-findfp.o)
                              F:/ST/STM32CubeIDE_1.1.0/STM32CubeIDE/plugins/com.st.stm32cube.ide.mcu.externaltools.gnu-tools-for-stm32.13.3.rel1.win32_1.0.0.202411081344/tools/bin/../lib/gcc/arm-none-eabi/13.3.1/../../../../arm-none-eabi/lib/thumb/v7e-m+fp/hard\libc_nano.a(libc_a-exit.o) (__stdio_exit_handler)
F:/ST/STM32CubeIDE_1.1.0/STM32CubeIDE/plugins/com.st.stm32cube.ide.mcu.externaltools.gnu-tools-for-stm32.13.3.rel1.win32_1.0.0.202411081344/tools/bin/../lib/gcc/arm-none-eabi/13.3.1/../../../../arm-none-eabi/lib/thumb/v7e-m+fp/hard\libc_nano.a(libc_a-fwalk.o)
[...]
Memory Configuration

Name             Origin             Length             Attributes
CCMRAM           0x10000000         0x00010000         xrw
RAM              0x20000000         0x00020000         xrw
FLASH            0x08000000         0x00080000         xr
*default*        0x00000000         0xffffffff

Linker script and memory map

LOAD F:/ST/STM32CubeIDE_1.1.0/STM32CubeIDE/plugins/com.st.stm32cube.ide.mcu.externaltools.gnu-tools-for-stm32.13.3.rel1.win32_1.0.0.202411081344/tools/bin/../lib/gcc/arm-none-eabi/13.3.1/thumb/v7e-m+fp/hard/crti.o
LOAD F:/ST/STM32CubeIDE_1.1.0/STM32CubeIDE/plugins/com.st.stm32cube.ide.mcu.externaltools.gnu-tools-for-stm32.13.3.rel1.win32_1.0.0.202411081344/tools/bin/../lib/gcc/arm-none-eabi/13.3.1/thumb/v7e-m+fp/hard/crtbegin.o
LOAD F:/ST/STM32CubeIDE_1.1.0/STM32CubeIDE/plugins/com.st.stm32cube.ide.mcu.externaltools.gnu-tools-for-stm32.13.3.rel1.win32_1.0.0.202411081344/tools/bin/../lib/gcc/arm-none-eabi/13.3.1/../../../../arm-none-eabi/lib/thumb/v7e-m+fp/hard/crt0.o
LOAD ./Core/Src/main.o
LOAD ./Core/Src/syscalls.o
LOAD ./Core/Src/sysmem.o
LOAD ./Core/Startup/startup_stm32f407vetx.o
LOAD ./Display/display.o
LOAD ./Display/fonts.o
LOAD ./Display/ili9341.o
LOAD ./Display/ili9488.o
LOAD ./Display/st7789.o
LOAD ./JPEG/jpeg_chan.o
LOAD ./JPEG/tjpgd.o
LOAD ./MicroGL2D/microgl2d.o
LOAD ./Textures/jpeg_files.o
LOAD ./Textures/textures.o
LOAD ./XPT2046/calibrate_touch.o
LOAD ./XPT2046/demo.o
LOAD ./XPT2046/xpt2046.o
START GROUP
LOAD F:/ST/STM32CubeIDE_1.1.0/STM32CubeIDE/plugins/com.st.stm32cube.ide.mcu.externaltools.gnu-tools-for-stm32.13.3.rel1.win32_1.0.0.202411081344/tools/bin/../lib/gcc/arm-none-eabi/13.3.1/../../../../arm-none-eabi/lib/thumb/v7e-m+fp/hard\libc_nano.a
LOAD F:/ST/STM32CubeIDE_1.1.0/STM32CubeIDE/plugins/com.st.stm32cube.ide.mcu.externaltools.gnu-tools-for-stm32.13.3.rel1.win32_1.0.0.202411081344/tools/bin/../lib/gcc/arm-none-eabi/13.3.1/../../../../arm-none-eabi/lib/thumb/v7e-m+fp/hard\libm.a
END GROUP
START GROUP
LOAD F:/ST/STM32CubeIDE_1.1.0/STM32CubeIDE/plugins/com.st.stm32cube.ide.mcu.externaltools.gnu-tools-for-stm32.13.3.rel1.win32_1.0.0.202411081344/tools/bin/../lib/gcc/arm-none-eabi/13.3.1/thumb/v7e-m+fp/hard\libgcc.a
LOAD F:/ST/STM32CubeIDE_1.1.0/STM32CubeIDE/plugins/com.st.stm32cube.ide.mcu.externaltools.gnu-tools-for-stm32.13.3.rel1.win32_1.0.0.202411081344/tools/bin/../lib/gcc/arm-none-eabi/13.3.1/../../../../arm-none-eabi/lib/thumb/v7e-m+fp/hard\libc_nano.a
END GROUP
START GROUP
LOAD F:/ST/STM32CubeIDE_1.1.0/STM32CubeIDE/plugins/com.st.stm32cube.ide.mcu.externaltools.gnu-tools-for-stm32.13.3.rel1.win32_1.0.0.202411081344/tools/bin/../lib/gcc/arm-none-eabi/13.3.1/thumb/v7e-m+fp/hard\libgcc.a
LOAD F:/ST/STM32CubeIDE_1.1.0/STM32CubeIDE/plugins/com.st.stm32cube.ide.mcu.externaltools.gnu-tools-for-stm32.13.3.rel1.win32_1.0.0.202411081344/tools/bin/../lib/gcc/arm-none-eabi/13.3.1/../../../../arm-none-eabi/lib/thumb/v7e-m+fp/hard\libc_nano.a
LOAD F:/ST/STM32CubeIDE_1.1.0/STM32CubeIDE/plugins/com.st.stm32cube.ide.mcu.externaltools.gnu-tools-for-stm32.13.3.rel1.win32_1.0.0.202411081344/tools/bin/../lib/gcc/arm-none-eabi/13.3.1/../../../../arm-none-eabi/lib/thumb/v7e-m+fp/hard\libnosys.a
END GROUP
START GROUP
LOAD F:/ST/STM32CubeIDE_1.1.0/STM32CubeIDE/plugins/com.st.stm32cube.ide.mcu.externaltools.gnu-tools-for-stm32.13.3.rel1.win32_1.0.0.202411081344/tools/bin/../lib/gcc/arm-none-eabi/13.3.1/thumb/v7e-m+fp/hard\libgcc.a
LOAD F:/ST/STM32CubeIDE_1.1.0/STM32CubeIDE/plugins/com.st.stm32cube.ide.mcu.externaltools.gnu-tools-for-stm32.13.3.rel1.win32_1.0.0.202411081344/tools/bin/../lib/gcc/arm-none-eabi/13.3.1/../../../../arm-none-eabi/lib/thumb/v7e-m+fp/hard\libc_nano.a
LOAD F:/ST/STM32CubeIDE_1.1.0/STM32CubeIDE/plugins/com.st.stm32cube.ide.mcu.externaltools.gnu-tools-for-stm32.13.3.rel1.win32_1.0.0.202411081344/tools/bin/../lib/gcc/arm-none-eabi/13.3.1/../../../../arm-none-eabi/lib/thumb/v7e-m+fp/hard\libnosys.a
END GROUP
LOAD F:/ST/STM32CubeIDE_1.1.0/STM32CubeIDE/plugins/com.st.stm32cube.ide.mcu.externaltools.gnu-tools-for-stm32.13.3.rel1.win32_1.0.0.202411081344/tools/bin/../lib/gcc/arm-none-eabi/13.3.1/thumb/v7e-m+fp/hard/crtend.o
LOAD F:/ST/STM32CubeIDE_1.1.0/STM32CubeIDE/plugins/com.st.stm32cube.ide.mcu.externaltools.gnu-tools-for-stm32.13.3.rel1.win32_1.0.0.202411081344/tools/bin/../lib/gcc/arm-none-eabi/13.3.1/thumb/v7e-m+fp/hard/crtn.o
                0x20020000                        _estack = (ORIGIN (RAM) + LENGTH (RAM))
                0x00000200                        _Min_Heap_Size = 0x200
                0x00000400                        _Min_Stack_Size = 0x400

.isr_vector     0x08000000      0x188
                0x08000000                        . = ALIGN (0x4)
 *(.isr_vector)
 .isr_vector    0x08000000      0x188 ./Core/Startup/startup_stm32f407vetx.o
                0x08000000                g_pfnVectors
                0x08000188                        . = ALIGN (0x4)

.text           0x08000190     0x76a0
                0x08000190                        . = ALIGN (0x4)
 *(.text)
 .text          0x08000190       0x40 F:/ST/STM32CubeIDE_1.1.0/STM32CubeIDE/plugins/com.st.stm32cube.ide.mcu.externaltools.gnu-tools-for-stm32.13.3.rel1.win32_1.0.0.202411081344/tools/bin/../lib/gcc/arm-none-eabi/13.3.1/thumb/v7e-m+fp/hard/crtbegin.o
 .text          0x080001d0       0x10 F:/ST/STM32CubeIDE_1.1.0/STM32CubeIDE/plugins/com.st.stm32cube.ide.mcu.externaltools.gnu-tools-for-stm32.13.3.rel1.win32_1.0.0.202411081344/tools/bin/../lib/gcc/arm-none-eabi/13.3.1/../../../../arm-none-eabi/lib/thumb/v7e-m+fp/hard\libc_nano.a(libc_a-strlen.o)
                0x080001d0                strlen
 .text          0x080001e0       0xa0 F:/ST/STM32CubeIDE_1.1.0/STM32CubeIDE/plugins/com.st.stm32cube.ide.mcu.externaltools.gnu-tools-for-stm32.13.3.rel1.win32_1.0.0.202411081344/tools/bin/../lib/gcc/arm-none-eabi/13.3.1/../../../../arm-none-eabi/lib/thumb/v7e-m+fp/hard\libc_nano.a(libc_a-memchr.o)
                0x080001e0                memchr
 .text          0x08000280       0xa0 F:/ST/STM32CubeIDE_1.1.0/STM32CubeIDE/plugins/com.st.stm32cube.ide.mcu.externaltools.gnu-tools-for-stm32.13.3.rel1.win32_1.0.0.202411081344/tools/bin/../lib/gcc/arm-none-eabi/13.3.1/thumb/v7e-m+fp/hard\libgcc.a(_aeabi_ldivmod.o)
                0x08000280                __aeabi_ldivmod
 .text          0x08000320      0x2f8 F:/ST/STM32CubeIDE_1.1.0/STM32CubeIDE/plugins/com.st.stm32cube.ide.mcu.externaltools.gnu-tools-for-stm32.13.3.rel1.win32_1.0.0.202411081344/tools/bin/../lib/gcc/arm-none-eabi/13.3.1/thumb/v7e-m+fp/hard\libgcc.a(_udivmoddi4.o)
                0x08000320                __udivmoddi4
 .text          0x08000618        0x4 F:/ST/STM32CubeIDE_1.1.0/STM32CubeIDE/plugins/com.st.stm32cube.ide.mcu.externaltools.gnu-tools-for-stm32.13.3.rel1.win32_1.0.0.202411081344/tools/bin/../lib/gcc/arm-none-eabi/13.3.1/thumb/v7e-m+fp/hard\libgcc.a(_dvmd_tls.o)
                0x08000618                __aeabi_idiv0
                0x08000618                __aeabi_ldiv0
 *(.text*)
 .text.GPIO_Init.constprop.0
                0x0800061c       0xdc ./Core/Src/main.o
 .text.NVIC_EncodePriority.constprop.0
                0x080006f8       0x28 ./Core/Src/main.o
 .text.SystemInit
                0x08000720       0x14 ./Core/Src/main.o
                0x08000720                SystemInit
 .text.demo_gl  0x08000734      0x7d0 ./Core/Src/main.o
                0x08000734                demo_gl
 .text.startup.main
                0x08000f04      0x7a0 ./Core/Src/main.o
                0x08000f04                main
 .text.NMI_Handler
                0x080016a4        0x4 ./Core/Src/main.o
                0x080016a4                NMI_Handler
 .text.HardFault_Handler
                0x080016a8        0x4 ./Core/Src/main.o
                0x080016a8                HardFault_Handler
 .text.MemManage_Handler
                0x080016ac        0x4 ./Core/Src/main.o
                0x080016ac                MemManage_Handler
 .text.BusFault_Handler
                0x080016b0        0x4 ./Core/Src/main.o
                0x080016b0                BusFault_Handler
 .text.UsageFault_Handler
                0x080016b4        0x4 ./Core/Src/main.o
                0x080016b4                UsageFault_Handler
 .text.SVC_Handler
                0x080016b8        0x4 ./Core/Src/main.o
                0x080016b8                SVC_Handler
 .text.DebugMon_Handler
                0x080016bc        0x4 ./Core/Src/main.o
                0x080016bc                DebugMon_Handler
 .text.PendSV_Handler
                0x080016c0        0x4 ./Core/Src/main.o
                0x080016c0                PendSV_Handler
 .text.SysTick_Handler
                0x080016c4       0x1c ./Core/Src/main.o
                0x080016c4                SysTick_Handler
 .text.EXTI9_5_IRQHandler
                0x080016e0       0x20 ./Core/Src/main.o
                0x080016e0                EXTI9_5_IRQHandler
 .text.DMA2_Stream0_IRQHandler
                0x08001700       0x4c ./Core/Src/main.o
                0x08001700                DMA2_Stream0_IRQHandler
 .text._getpid  0x0800174c        0x4 ./Core/Src/syscalls.o
                0x0800174c                _getpid
 .text._kill    0x08001750       0x10 ./Core/Src/syscalls.o
                0x08001750                _kill
 .text._exit    0x08001760        0xc ./Core/Src/syscalls.o
                0x08001760                _exit
 .text._read    0x0800176c       0x1c ./Core/Src/syscalls.o
                0x0800176c                _read
 .text._write   0x08001788       0x1c ./Core/Src/syscalls.o
                0x08001788                _write
 .text._close   0x080017a4        0x8 ./Core/Src/syscalls.o
                0x080017a4                _close
 .text._fstat   0x080017ac        0xc ./Core/Src/syscalls.o
                0x080017ac                _fstat
 .text._isatty  0x080017b8        0x4 ./Core/Src/syscalls.o
                0x080017b8                _isatty
 .text._lseek   0x080017bc        0x4 ./Core/Src/syscalls.o
                0x080017bc                _lseek
 .text._sbrk    0x080017c0       0x44 ./Core/Src/sysmem.o
                0x080017c0                _sbrk
 .text.Reset_Handler
                0x08001804       0x50 ./Core/Startup/startup_stm32f407vetx.o
                0x08001804                Reset_Handler
 .text.Default_Handler
                0x08001854        0x2 ./Core/Startup/startup_stm32f407vetx.o
                0x08001854                RTC_Alarm_IRQHandler
                0x08001854                HASH_RNG_IRQHandler
                0x08001854                EXTI2_IRQHandler
                0x08001854                TIM8_CC_IRQHandler
                0x08001854                TIM1_CC_IRQHandler
                0x08001854                DMA2_Stream5_IRQHandler
                0x08001854                DMA1_Stream5_IRQHandler
                0x08001854                PVD_IRQHandler
                0x08001854                SDIO_IRQHandler
                0x08001854                TAMP_STAMP_IRQHandler
                0x08001854                CAN2_RX1_IRQHandler
                0x08001854                EXTI3_IRQHandler
                0x08001854                TIM8_TRG_COM_TIM14_IRQHandler
                0x08001854                TIM1_UP_TIM10_IRQHandler
                0x08001854                TIM8_UP_TIM13_IRQHandler
                0x08001854                I2C3_ER_IRQHandler
                0x08001854                EXTI0_IRQHandler
                0x08001854                I2C2_EV_IRQHandler
                0x08001854                DMA1_Stream2_IRQHandler
                0x08001854                CAN1_RX0_IRQHandler
                0x08001854                FPU_IRQHandler
                0x08001854                OTG_HS_WKUP_IRQHandler
                0x08001854                CAN2_SCE_IRQHandler
                0x08001854                DMA2_Stream2_IRQHandler
                0x08001854                SPI1_IRQHandler
                0x08001854                TIM6_DAC_IRQHandler
                0x08001854                TIM1_BRK_TIM9_IRQHandler
                0x08001854                DCMI_IRQHandler
                0x08001854                CAN2_RX0_IRQHandler
                0x08001854                DMA2_Stream3_IRQHandler
                0x08001854                USART6_IRQHandler
                0x08001854                USART3_IRQHandler
                0x08001854                CAN1_RX1_IRQHandler
                0x08001854                UART5_IRQHandler
                0x08001854                TIM4_IRQHandler
                0x08001854                I2C1_EV_IRQHandler
                0x08001854                DMA1_Stream6_IRQHandler
                0x08001854                DMA1_Stream1_IRQHandler
                0x08001854                UART4_IRQHandler
                0x08001854                TIM3_IRQHandler
                0x08001854                RCC_IRQHandler
                0x08001854                TIM8_BRK_TIM12_IRQHandler
                0x08001854                Default_Handler
                0x08001854                EXTI15_10_IRQHandler
                0x08001854                ADC_IRQHandler
                0x08001854                DMA1_Stream7_IRQHandler
                0x08001854                TIM7_IRQHandler
                0x08001854                CAN2_TX_IRQHandler
                0x08001854                TIM5_IRQHandler
                0x08001854                DMA2_Stream7_IRQHandler
                0x08001854                I2C3_EV_IRQHandler
                0x08001854                RTC_WKUP_IRQHandler
                0x08001854                ETH_WKUP_IRQHandler
                0x08001854                SPI2_IRQHandler
                0x08001854                OTG_HS_EP1_IN_IRQHandler
                0x08001854                DMA1_Stream0_IRQHandler
                0x08001854                CAN1_TX_IRQHandler
                0x08001854                EXTI4_IRQHandler
                0x08001854                FSMC_IRQHandler
                0x08001854                ETH_IRQHandler
                0x08001854                OTG_HS_EP1_OUT_IRQHandler
                0x08001854                WWDG_IRQHandler
                0x08001854                TIM2_IRQHandler
                0x08001854                OTG_FS_WKUP_IRQHandler
                0x08001854                TIM1_TRG_COM_TIM11_IRQHandler
                0x08001854                OTG_HS_IRQHandler
                0x08001854                EXTI1_IRQHandler
                0x08001854                USART2_IRQHandler
                0x08001854                I2C2_ER_IRQHandler
                0x08001854                DMA2_Stream1_IRQHandler
                0x08001854                CAN1_SCE_IRQHandler
                0x08001854                FLASH_IRQHandler
                0x08001854                DMA2_Stream4_IRQHandler
                0x08001854                USART1_IRQHandler
                0x08001854                OTG_FS_IRQHandler
                0x08001854                SPI3_IRQHandler
                0x08001854                DMA1_Stream4_IRQHandler
                0x08001854                I2C1_ER_IRQHandler
                0x08001854                DMA2_Stream6_IRQHandler
                0x08001854                DMA1_Stream3_IRQHandler
 *fill*         0x08001856        0x2 
 .text.LinesIntersection
                0x08001858       0x9c ./Display/display.o
 .text.LCD_Delay
                0x080018f4       0x20 ./Display/display.o
                0x080018f4                LCD_Delay
 .text.LCD_String_Interpretator
                0x08001914       0x60 ./Display/display.o
                0x08001914                LCD_String_Interpretator
 .text.LCD_HardWareReset
                0x08001974       0x44 ./Display/display.o
                0x08001974                LCD_HardWareReset
 .text.LCD_SetOrientation
                0x080019b8       0x80 ./Display/display.o
                0x080019b8                LCD_SetOrientation
 .text.LCD_DisplayAdd
                0x08001a38      0x164 ./Display/display.o
                0x08001a38                LCD_DisplayAdd
 .text.LCD_GetHeight
                0x08001b9c        0x4 ./Display/display.o
                0x08001b9c                LCD_GetHeight
 .text.LCD_SetBackLight
                0x08001ba0       0x88 ./Display/display.o
                0x08001ba0                LCD_SetBackLight
 .text.LCD_Init
                0x08001c28       0x28 ./Display/display.o
                0x08001c28                LCD_Init
 .text.LCD_SetActiveWindow
                0x08001c50       0x30 ./Display/display.o
                0x08001c50                LCD_SetActiveWindow
 .text.LCD_WriteDataDMA
                0x08001c80       0x48 ./Display/display.o
                0x08001c80                LCD_WriteDataDMA
 .text.LCD_WriteData
                0x08001cc8       0x18 ./Display/display.o
                0x08001cc8                LCD_WriteData
 .text.LCD_FillWindow
                0x08001ce0       0xd8 ./Display/display.o
                0x08001ce0                LCD_FillWindow
 .text.LCD_DrawImage
                0x08001db8       0x94 ./Display/display.o
                0x08001db8                LCD_DrawImage
 .text.LCD_Fill
                0x08001e4c       0x20 ./Display/display.o
                0x08001e4c                LCD_Fill
 .text.LCD_DrawPixel
                0x08001e6c       0x50 ./Display/display.o
                0x08001e6c                LCD_DrawPixel
 .text.LCD_DrawLine
                0x08001ebc      0x140 ./Display/display.o
                0x08001ebc                LCD_DrawLine
 .text.LCD_DrawRectangle
                0x08001ffc       0x58 ./Display/display.o
                0x08001ffc                LCD_DrawRectangle
 .text.LCD_DrawFilledRectangle
                0x08002054       0x58 ./Display/display.o
                0x08002054                LCD_DrawFilledRectangle
 .text.LCD_DrawFilledTriangle
                0x080020ac      0x1d4 ./Display/display.o
                0x080020ac                LCD_DrawFilledTriangle
 .text.LCD_DrawCircle
                0x08002280      0x164 ./Display/display.o
                0x08002280                LCD_DrawCircle
 .text.LCD_DrawFilledCircle
                0x080023e4       0xf8 ./Display/display.o
                0x080023e4                LCD_DrawFilledCircle
 .text.LCD_WriteChar
                0x080024dc      0x270 ./Display/display.o
                0x080024dc                LCD_WriteChar
 .text.LCD_WriteString
                0x0800274c       0x68 ./Display/display.o
                0x0800274c                LCD_WriteString
 .text.ILI9488_Init
                0x080027b4        0x8 ./Display/ili9488.o
                0x080027b4                ILI9488_Init
 .text.ILI9488_SetWindow
                0x080027bc       0x20 ./Display/ili9488.o
                0x080027bc                ILI9488_SetWindow
 .text.ILI9488_SleepIn
                0x080027dc        0x8 ./Display/ili9488.o
                0x080027dc                ILI9488_SleepIn
 .text.ILI9488_SleepOut
                0x080027e4        0x8 ./Display/ili9488.o
                0x080027e4                ILI9488_SleepOut
 .text.ILI9488_SetOrientation
                0x080027ec       0x1c ./Display/ili9488.o
                0x080027ec                ILI9488_SetOrientation
 .text.tjd_output
                0x08002808       0x44 ./JPEG/jpeg_chan.o
 .text.tjd_input_memory
                0x0800284c       0x30 ./JPEG/jpeg_chan.o
 .text.LCD_Load_JPG_chan
                0x0800287c       0x84 ./JPEG/jpeg_chan.o
                0x0800287c                LCD_Load_JPG_chan
 .text.huffext  0x08002900      0x148 ./JPEG/tjpgd.o
 .text.jd_prepare
                0x08002a48      0x690 ./JPEG/tjpgd.o
                0x08002a48                jd_prepare
 .text.jd_decomp
                0x080030d8      0xc8c ./JPEG/tjpgd.o
                0x080030d8                jd_decomp
 .text.MGL_LinesIntersection
                0x08003d64       0x94 ./MicroGL2D/microgl2d.o
 .text.GRAPH_getcolor_unknow
                0x08003df8       0x14 ./MicroGL2D/microgl2d.o
 .text.GRAPH_getcolor_R3G3B2
                0x08003e0c       0x28 ./MicroGL2D/microgl2d.o
 .text.GRAPH_getcolor_R5G6B5
                0x08003e34       0x28 ./MicroGL2D/microgl2d.o
 .text.GRAPH_getcolor_A4R4G4B4
                0x08003e5c       0x24 ./MicroGL2D/microgl2d.o
 .text.GRAPH_getcolor_R8G8B8
                0x08003e80       0x18 ./MicroGL2D/microgl2d.o
 .text.GRAPH_getcolor_A8R8G8B8
                0x08003e98       0x18 ./MicroGL2D/microgl2d.o
 .text.MGL_setcolorbuffer
                0x08003eb0      0x9b8 ./MicroGL2D/microgl2d.o
 .text.MGL_RenderObj.part.0
                0x08004868      0x908 ./MicroGL2D/microgl2d.o
 .text.MGL_GradientCreate
                0x08005170       0x14 ./MicroGL2D/microgl2d.o
                0x08005170                MGL_GradientCreate
 .text.MGL_GradientAddColor
                0x08005184       0x64 ./MicroGL2D/microgl2d.o
                0x08005184                MGL_GradientAddColor
 .text.MGL_GradientSetDeg
                0x080051e8        0x4 ./MicroGL2D/microgl2d.o
                0x080051e8                MGL_GradientSetDeg
 .text.MGL_ObjectAdd
                0x080051ec       0x80 ./MicroGL2D/microgl2d.o
                0x080051ec                MGL_ObjectAdd
 .text.MGL_ObjectSetTexture
                0x0800526c        0x4 ./MicroGL2D/microgl2d.o
                0x0800526c                MGL_ObjectSetTexture
 .text.MGL_ObjectSetGradient
                0x08005270        0x4 ./MicroGL2D/microgl2d.o
                0x08005270                MGL_ObjectSetGradient
 .text.MGL_ObjectSetTransparency
                0x08005274        0x4 ./MicroGL2D/microgl2d.o
                0x08005274                MGL_ObjectSetTransparency
 .text.MGL_SetRectangle
                0x08005278       0x2c ./MicroGL2D/microgl2d.o
                0x08005278                MGL_SetRectangle
 .text.MGL_SetCircle
                0x080052a4       0x10 ./MicroGL2D/microgl2d.o
                0x080052a4                MGL_SetCircle
 .text.MGL_SetText
                0x080052b4       0x1c ./MicroGL2D/microgl2d.o
                0x080052b4                MGL_SetText
 .text.MGL_SetSlider
                0x080052d0       0x70 ./MicroGL2D/microgl2d.o
                0x080052d0                MGL_SetSlider
 .text.MGL_RenderObjects
                0x08005340       0x60 ./MicroGL2D/microgl2d.o
                0x08005340                MGL_RenderObjects
 .text.MGL_ObjectMove
                0x080053a0       0x74 ./MicroGL2D/microgl2d.o
                0x080053a0                MGL_ObjectMove
 .text.MGL_ObjectListMove
                0x08005414       0x1c ./MicroGL2D/microgl2d.o
                0x08005414                MGL_ObjectListMove
 .text.draw_calibrate_point.constprop.0
                0x08005430       0x58 ./XPT2046/calibrate_touch.o
 .text.XPT2046_ConvertPoint
                0x08005488       0xac ./XPT2046/calibrate_touch.o
                0x08005488                XPT2046_ConvertPoint
 .text.XPT2046_CalibrateTouch
                0x08005534      0x8d0 ./XPT2046/calibrate_touch.o
                0x08005534                XPT2046_CalibrateTouch
 .text.Draw_TouchPenDemo
                0x08005e04      0x24c ./XPT2046/demo.o
                0x08005e04                Draw_TouchPenDemo
 .text.RoadCircleDemo
                0x08006050      0x2b0 ./XPT2046/demo.o
                0x08006050                RoadCircleDemo
 .text.get_adc_in
                0x08006300      0x1d8 ./XPT2046/xpt2046.o
 .text.get_touch
                0x080064d8       0x78 ./XPT2046/xpt2046.o
 .text.XPT2046_InitTouch
                0x08006550       0x44 ./XPT2046/xpt2046.o
                0x08006550                XPT2046_InitTouch
 .text.XPT2046_GetTouch
                0x08006594       0x2c ./XPT2046/xpt2046.o
                0x08006594                XPT2046_GetTouch
 .text.XPT2046_EXTICallback
                0x080065c0       0x54 ./XPT2046/xpt2046.o
                0x080065c0                XPT2046_EXTICallback
 .text.XPT2046_TIMCallback
                0x08006614       0x88 ./XPT2046/xpt2046.o
                0x08006614                XPT2046_TIMCallback
 .text.XPT2046_GetTemp
                0x0800669c       0x40 ./XPT2046/xpt2046.o
                0x0800669c                XPT2046_GetTemp
 .text.calloc   0x080066dc       0x10 F:/ST/STM32CubeIDE_1.1.0/STM32CubeIDE/plugins/com.st.stm32cube.ide.mcu.externaltools.gnu-tools-for-stm32.13.3.rel1.win32_1.0.0.202411081344/tools/bin/../lib/gcc/arm-none-eabi/13.3.1/../../../../arm-none-eabi/lib/thumb/v7e-m+fp/hard\libc_nano.a(libc_a-calloc.o)
                0x080066dc                calloc
 .text._calloc_r
                0x080066ec       0x28 F:/ST/STM32CubeIDE_1.1.0/STM32CubeIDE/plugins/com.st.stm32cube.ide.mcu.externaltools.gnu-tools-for-stm32.13.3.rel1.win32_1.0.0.202411081344/tools/bin/../lib/gcc/arm-none-eabi/13.3.1/../../../../arm-none-eabi/lib/thumb/v7e-m+fp/hard\libc_nano.a(libc_a-callocr.o)
                0x080066ec                _calloc_r
 .text.__itoa   0x08006714       0x30 F:/ST/STM32CubeIDE_1.1.0/STM32CubeIDE/plugins/com.st.stm32cube.ide.mcu.externaltools.gnu-tools-for-stm32.13.3.rel1.win32_1.0.0.202411081344/tools/bin/../lib/gcc/arm-none-eabi/13.3.1/../../../../arm-none-eabi/lib/thumb/v7e-m+fp/hard\libc_nano.a(libc_a-itoa.o)
                0x08006714                __itoa
 .text.itoa     0x08006744        0x4 F:/ST/STM32CubeIDE_1.1.0/STM32CubeIDE/plugins/com.st.stm32cube.ide.mcu.externaltools.gnu-tools-for-stm32.13.3.rel1.win32_1.0.0.202411081344/tools/bin/../lib/gcc/arm-none-eabi/13.3.1/../../../../arm-none-eabi/lib/thumb/v7e-m+fp/hard\libc_nano.a(libc_a-itoa.o)
                0x08006744                itoa
 .text.malloc   0x08006748       0x10 F:/ST/STM32CubeIDE_1.1.0/STM32CubeIDE/plugins/com.st.stm32cube.ide.mcu.externaltools.gnu-tools-for-stm32.13.3.rel1.win32_1.0.0.202411081344/tools/bin/../lib/gcc/arm-none-eabi/13.3.1/../../../../arm-none-eabi/lib/thumb/v7e-m+fp/hard\libc_nano.a(libc_a-malloc.o)
                0x08006748                malloc
 .text.free     0x08006758       0x10 F:/ST/STM32CubeIDE_1.1.0/STM32CubeIDE/plugins/com.st.stm32cube.ide.mcu.externaltools.gnu-tools-for-stm32.13.3.rel1.win32_1.0.0.202411081344/tools/bin/../lib/gcc/arm-none-eabi/13.3.1/../../../../arm-none-eabi/lib/thumb/v7e-m+fp/hard\libc_nano.a(libc_a-malloc.o)
                0x08006758                free
 .text.sbrk_aligned
                0x08006768       0x44 F:/ST/STM32CubeIDE_1.1.0/STM32CubeIDE/plugins/com.st.stm32cube.ide.mcu.externaltools.gnu-tools-for-stm32.13.3.rel1.win32_1.0.0.202411081344/tools/bin/../lib/gcc/arm-none-eabi/13.3.1/../../../../arm-none-eabi/lib/thumb/v7e-m+fp/hard\libc_nano.a(libc_a-mallocr.o)
 .text._malloc_r
                0x080067ac      0x100 F:/ST/STM32CubeIDE_1.1.0/STM32CubeIDE/plugins/com.st.stm32cube.ide.mcu.externaltools.gnu-tools-for-stm32.13.3.rel1.win32_1.0.0.202411081344/tools/bin/../lib/gcc/arm-none-eabi/13.3.1/../../../../arm-none-eabi/lib/thumb/v7e-m+fp/hard\libc_nano.a(libc_a-mallocr.o)
                0x080067ac                _malloc_r
 .text.__malloc_lock
                0x080068ac        0xc F:/ST/STM32CubeIDE_1.1.0/STM32CubeIDE/plugins/com.st.stm32cube.ide.mcu.externaltools.gnu-tools-for-stm32.13.3.rel1.win32_1.0.0.202411081344/tools/bin/../lib/gcc/arm-none-eabi/13.3.1/../../../../arm-none-eabi/lib/thumb/v7e-m+fp/hard\libc_nano.a(libc_a-mlock.o)
                0x080068ac                __malloc_lock
 .text.__malloc_unlock
                0x080068b8        0xc F:/ST/STM32CubeIDE_1.1.0/STM32CubeIDE/plugins/com.st.stm32cube.ide.mcu.externaltools.gnu-tools-for-stm32.13.3.rel1.win32_1.0.0.202411081344/tools/bin/../lib/gcc/arm-none-eabi/13.3.1/../../../../arm-none-eabi/lib/thumb/v7e-m+fp/hard\libc_nano.a(libc_a-mlock.o)
                0x080068b8                __malloc_unlock
 .text.rand     0x080068c4       0x7c F:/ST/STM32CubeIDE_1.1.0/STM32CubeIDE/plugins/com.st.stm32cube.ide.mcu.externaltools.gnu-tools-for-stm32.13.3.rel1.win32_1.0.0.202411081344/tools/bin/../lib/gcc/arm-none-eabi/13.3.1/../../../../arm-none-eabi/lib/thumb/v7e-m+fp/hard\libc_nano.a(libc_a-rand.o)
                0x080068c4                rand
 .text.__utoa   0x08006940       0x84 F:/ST/STM32CubeIDE_1.1.0/STM32CubeIDE/plugins/com.st.stm32cube.ide.mcu.externaltools.gnu-tools-for-stm32.13.3.rel1.win32_1.0.0.202411081344/tools/bin/../lib/gcc/arm-none-eabi/13.3.1/../../../../arm-none-eabi/lib/thumb/v7e-m+fp/hard\libc_nano.a(libc_a-utoa.o)
                0x08006940                __utoa
 .text.utoa     0x080069c4        0x4 F:/ST/STM32CubeIDE_1.1.0/STM32CubeIDE/plugins/com.st.stm32cube.ide.mcu.externaltools.gnu-tools-for-stm32.13.3.rel1.win32_1.0.0.202411081344/tools/bin/../lib/gcc/arm-none-eabi/13.3.1/../../../../arm-none-eabi/lib/thumb/v7e-m+fp/hard\libc_nano.a(libc_a-utoa.o)
                0x080069c4                utoa
 .text.std      0x080069c8       0x6c F:/ST/STM32CubeIDE_1.1.0/STM32CubeIDE/plugins/com.st.stm32cube.ide.mcu.externaltools.gnu-tools-for-stm32.13.3.rel1.win32_1.0.0.202411081344/tools/bin/../lib/gcc/arm-none-eabi/13.3.1/../../../../arm-none-eabi/lib/thumb/v7e-m+fp/hard\libc_nano.a(libc_a-findfp.o)
 .text.stdio_exit_handler
                0x08006a34       0x18 F:/ST/STM32CubeIDE_1.1.0/STM32CubeIDE/plugins/com.st.stm32cube.ide.mcu.externaltools.gnu-tools-for-stm32.13.3.rel1.win32_1.0.0.202411081344/tools/bin/../lib/gcc/arm-none-eabi/13.3.1/../../../../arm-none-eabi/lib/thumb/v7e-m+fp/hard\libc_nano.a(libc_a-findfp.o)
 .text.cleanup_stdio
                0x08006a4c       0x40 F:/ST/STM32CubeIDE_1.1.0/STM32CubeIDE/plugins/com.st.stm32cube.ide.mcu.externaltools.gnu-tools-for-stm32.13.3.rel1.win32_1.0.0.202411081344/tools/bin/../lib/gcc/arm-none-eabi/13.3.1/../../../../arm-none-eabi/lib/thumb/v7e-m+fp/hard\libc_nano.a(libc_a-findfp.o)
 .text.global_stdio_init.part.0
                0x08006a8c       0x3c F:/ST/STM32CubeIDE_1.1.0/STM32CubeIDE/plugins/com.st.stm32cube.ide.mcu.externaltools.gnu-tools-for-stm32.13.3.rel1.win32_1.0.0.202411081344/tools/bin/../lib/gcc/arm-none-eabi/13.3.1/../../../../arm-none-eabi/lib/thumb/v7e-m+fp/hard\libc_nano.a(libc_a-findfp.o)
 .text.__sfp_lock_acquire
                0x08006ac8        0xc F:/ST/STM32CubeIDE_1.1.0/STM32CubeIDE/plugins/com.st.stm32cube.ide.mcu.externaltools.gnu-tools-for-stm32.13.3.rel1.win32_1.0.0.202411081344/tools/bin/../lib/gcc/arm-none-eabi/13.3.1/../../../../arm-none-eabi/lib/thumb/v7e-m+fp/hard\libc_nano.a(libc_a-findfp.o)
                0x08006ac8                __sfp_lock_acquire
 .text.__sfp_lock_release
                0x08006ad4        0xc F:/ST/STM32CubeIDE_1.1.0/STM32CubeIDE/plugins/com.st.stm32cube.ide.mcu.externaltools.gnu-tools-for-stm32.13.3.rel1.win32_1.0.0.202411081344/tools/bin/../lib/gcc/arm-none-eabi/13.3.1/../../../../arm-none-eabi/lib/thumb/v7e-m+fp/hard\libc_nano.a(libc_a-findfp.o)
                0x08006ad4                __sfp_lock_release
 .text.__sinit  0x08006ae0       0x30 F:/ST/STM32CubeIDE_1.1.0/STM32CubeIDE/plugins/com.st.stm32cube.ide.mcu.externaltools.gnu-tools-for-stm32.13.3.rel1.win32_1.0.0.202411081344/tools/bin/../lib/gcc/arm-none-eabi/13.3.1/../../../../arm-none-eabi/lib/thumb/v7e-m+fp/hard\libc_nano.a(libc_a-findfp.o)
                0x08006ae0                __sinit
 .text._fwalk_sglue
                0x08006b10       0x3c F:/ST/STM32CubeIDE_1.1.0/STM32CubeIDE/plugins/com.st.stm32cube.ide.mcu.externaltools.gnu-tools-for-stm32.13.3.rel1.win32_1.0.0.202411081344/tools/bin/../lib/gcc/arm-none-eabi/13.3.1/../../../../arm-none-eabi/lib/thumb/v7e-m+fp/hard\libc_nano.a(libc_a-fwalk.o)
                0x08006b10                _fwalk_sglue
 .text.__sread  0x08006b4c       0x22 F:/ST/STM32CubeIDE_1.1.0/STM32CubeIDE/plugins/com.st.stm32cube.ide.mcu.externaltools.gnu-tools-for-stm32.13.3.rel1.win32_1.0.0.202411081344/tools/bin/../lib/gcc/arm-none-eabi/13.3.1/../../../../arm-none-eabi/lib/thumb/v7e-m+fp/hard\libc_nano.a(libc_a-stdio.o)
                0x08006b4c                __sread
 .text.__swrite
                0x08006b6e       0x38 F:/ST/STM32CubeIDE_1.1.0/STM32CubeIDE/plugins/com.st.stm32cube.ide.mcu.externaltools.gnu-tools-for-stm32.13.3.rel1.win32_1.0.0.202411081344/tools/bin/../lib/gcc/arm-none-eabi/13.3.1/../../../../arm-none-eabi/lib/thumb/v7e-m+fp/hard\libc_nano.a(libc_a-stdio.o)
                0x08006b6e                __swrite
 .text.__sseek  0x08006ba6       0x24 F:/ST/STM32CubeIDE_1.1.0/STM32CubeIDE/plugins/com.st.stm32cube.ide.mcu.externaltools.gnu-tools-for-stm32.13.3.rel1.win32_1.0.0.202411081344/tools/bin/../lib/gcc/arm-none-eabi/13.3.1/../../../../arm-none-eabi/lib/thumb/v7e-m+fp/hard\libc_nano.a(libc_a-stdio.o)
                0x08006ba6                __sseek
 .text.__sclose
                0x08006bca        0x8 F:/ST/STM32CubeIDE_1.1.0/STM32CubeIDE/plugins/com.st.stm32cube.ide.mcu.externaltools.gnu-tools-for-stm32.13.3.rel1.win32_1.0.0.202411081344/tools/bin/../lib/gcc/arm-none-eabi/13.3.1/../../../../arm-none-eabi/lib/thumb/v7e-m+fp/hard\libc_nano.a(libc_a-stdio.o)
                0x08006bca                __sclose
 .text.memmove  0x08006bd2       0x34 F:/ST/STM32CubeIDE_1.1.0/STM32CubeIDE/plugins/com.st.stm32cube.ide.mcu.externaltools.gnu-tools-for-stm32.13.3.rel1.win32_1.0.0.202411081344/tools/bin/../lib/gcc/arm-none-eabi/13.3.1/../../../../arm-none-eabi/lib/thumb/v7e-m+fp/hard\libc_nano.a(libc_a-memmove.o)
                0x08006bd2                memmove
 .text.memset   0x08006c06       0x10 F:/ST/STM32CubeIDE_1.1.0/STM32CubeIDE/plugins/com.st.stm32cube.ide.mcu.externaltools.gnu-tools-for-stm32.13.3.rel1.win32_1.0.0.202411081344/tools/bin/../lib/gcc/arm-none-eabi/13.3.1/../../../../arm-none-eabi/lib/thumb/v7e-m+fp/hard\libc_nano.a(libc_a-memset.o)
                0x08006c06                memset
 .text.strcat   0x08006c16       0x1e F:/ST/STM32CubeIDE_1.1.0/STM32CubeIDE/plugins/com.st.stm32cube.ide.mcu.externaltools.gnu-tools-for-stm32.13.3.rel1.win32_1.0.0.202411081344/tools/bin/../lib/gcc/arm-none-eabi/13.3.1/../../../../arm-none-eabi/lib/thumb/v7e-m+fp/hard\libc_nano.a(libc_a-strcat.o)
                0x08006c16                strcat
 .text.stpcpy   0x08006c34       0x12 F:/ST/STM32CubeIDE_1.1.0/STM32CubeIDE/plugins/com.st.stm32cube.ide.mcu.externaltools.gnu-tools-for-stm32.13.3.rel1.win32_1.0.0.202411081344/tools/bin/../lib/gcc/arm-none-eabi/13.3.1/../../../../arm-none-eabi/lib/thumb/v7e-m+fp/hard\libc_nano.a(libc_a-stpcpy.o)
                0x08006c34                stpcpy
 *fill*         0x08006c46        0x2 
 .text._close_r
                0x08006c48       0x20 F:/ST/STM32CubeIDE_1.1.0/STM32CubeIDE/plugins/com.st.stm32cube.ide.mcu.externaltools.gnu-tools-for-stm32.13.3.rel1.win32_1.0.0.202411081344/tools/bin/../lib/gcc/arm-none-eabi/13.3.1/../../../../arm-none-eabi/lib/thumb/v7e-m+fp/hard\libc_nano.a(libc_a-closer.o)
                0x08006c48                _close_r
 .text._lseek_r
                0x08006c68       0x24 F:/ST/STM32CubeIDE_1.1.0/STM32CubeIDE/plugins/com.st.stm32cube.ide.mcu.externaltools.gnu-tools-for-stm32.13.3.rel1.win32_1.0.0.202411081344/tools/bin/../lib/gcc/arm-none-eabi/13.3.1/../../../../arm-none-eabi/lib/thumb/v7e-m+fp/hard\libc_nano.a(libc_a-lseekr.o)
                0x08006c68                _lseek_r
 .text._read_r  0x08006c8c       0x24 F:/ST/STM32CubeIDE_1.1.0/STM32CubeIDE/plugins/com.st.stm32cube.ide.mcu.externaltools.gnu-tools-for-stm32.13.3.rel1.win32_1.0.0.202411081344/tools/bin/../lib/gcc/arm-none-eabi/13.3.1/../../../../arm-none-eabi/lib/thumb/v7e-m+fp/hard\libc_nano.a(libc_a-readr.o)
                0x08006c8c                _read_r
 .text._sbrk_r  0x08006cb0       0x20 F:/ST/STM32CubeIDE_1.1.0/STM32CubeIDE/plugins/com.st.stm32cube.ide.mcu.externaltools.gnu-tools-for-stm32.13.3.rel1.win32_1.0.0.202411081344/tools/bin/../lib/gcc/arm-none-eabi/13.3.1/../../../../arm-none-eabi/lib/thumb/v7e-m+fp/hard\libc_nano.a(libc_a-sbrkr.o)
                0x08006cb0                _sbrk_r
 .text._write_r
                0x08006cd0       0x24 F:/ST/STM32CubeIDE_1.1.0/STM32CubeIDE/plugins/com.st.stm32cube.ide.mcu.externaltools.gnu-tools-for-stm32.13.3.rel1.win32_1.0.0.202411081344/tools/bin/../lib/gcc/arm-none-eabi/13.3.1/../../../../arm-none-eabi/lib/thumb/v7e-m+fp/hard\libc_nano.a(libc_a-writer.o)
                0x08006cd0                _write_r
 .text.__errno  0x08006cf4        0xc F:/ST/STM32CubeIDE_1.1.0/STM32CubeIDE/plugins/com.st.stm32cube.ide.mcu.externaltools.gnu-tools-for-stm32.13.3.rel1.win32_1.0.0.202411081344/tools/bin/../lib/gcc/arm-none-eabi/13.3.1/../../../../arm-none-eabi/lib/thumb/v7e-m+fp/hard\libc_nano.a(libc_a-errno.o)
                0x08006cf4                __errno
 .text.__libc_init_array
                0x08006d00       0x48 F:/ST/STM32CubeIDE_1.1.0/STM32CubeIDE/plugins/com.st.stm32cube.ide.mcu.externaltools.gnu-tools-for-stm32.13.3.rel1.win32_1.0.0.202411081344/tools/bin/../lib/gcc/arm-none-eabi/13.3.1/../../../../arm-none-eabi/lib/thumb/v7e-m+fp/hard\libc_nano.a(libc_a-init.o)
                0x08006d00                __libc_init_array
 .text.__retarget_lock_init_recursive
                0x08006d48        0x2 F:/ST/STM32CubeIDE_1.1.0/STM32CubeIDE/plugins/com.st.stm32cube.ide.mcu.externaltools.gnu-tools-for-stm32.13.3.rel1.win32_1.0.0.202411081344/tools/bin/../lib/gcc/arm-none-eabi/13.3.1/../../../../arm-none-eabi/lib/thumb/v7e-m+fp/hard\libc_nano.a(libc_a-lock.o)
                0x08006d48                __retarget_lock_init_recursive
 .text.__retarget_lock_acquire_recursive
                0x08006d4a        0x2 F:/ST/STM32CubeIDE_1.1.0/STM32CubeIDE/plugins/com.st.stm32cube.ide.mcu.externaltools.gnu-tools-for-stm32.13.3.rel1.win32_1.0.0.202411081344/tools/bin/../lib/gcc/arm-none-eabi/13.3.1/../../../../arm-none-eabi/lib/thumb/v7e-m+fp/hard\libc_nano.a(libc_a-lock.o)
                0x08006d4a                __retarget_lock_acquire_recursive
 .text.__retarget_lock_release_recursive
                0x08006d4c        0x2 F:/ST/STM32CubeIDE_1.1.0/STM32CubeIDE/plugins/com.st.stm32cube.ide.mcu.externaltools.gnu-tools-for-stm32.13.3.rel1.win32_1.0.0.202411081344/tools/bin/../lib/gcc/arm-none-eabi/13.3.1/../../../../arm-none-eabi/lib/thumb/v7e-m+fp/hard\libc_nano.a(libc_a-lock.o)
                0x08006d4c                __retarget_lock_release_recursive
 .text.memcpy   0x08006d4e       0x1c F:/ST/STM32CubeIDE_1.1.0/STM32CubeIDE/plugins/com.st.stm32cube.ide.mcu.externaltools.gnu-tools-for-stm32.13.3.rel1.win32_1.0.0.202411081344/tools/bin/../lib/gcc/arm-none-eabi/13.3.1/../../../../arm-none-eabi/lib/thumb/v7e-m+fp/hard\libc_nano.a(libc_a-memcpy-stub.o)
                0x08006d4e                memcpy
 *fill*         0x08006d6a        0x2 
 .text.__assert_func
                0x08006d6c       0x3c F:/ST/STM32CubeIDE_1.1.0/STM32CubeIDE/plugins/com.st.stm32cube.ide.mcu.externaltools.gnu-tools-for-stm32.13.3.rel1.win32_1.0.0.202411081344/tools/bin/../lib/gcc/arm-none-eabi/13.3.1/../../../../arm-none-eabi/lib/thumb/v7e-m+fp/hard\libc_nano.a(libc_a-assert.o)
                0x08006d6c                __assert_func
 .text._free_r  0x08006da8       0x94 F:/ST/STM32CubeIDE_1.1.0/STM32CubeIDE/plugins/com.st.stm32cube.ide.mcu.externaltools.gnu-tools-for-stm32.13.3.rel1.win32_1.0.0.202411081344/tools/bin/../lib/gcc/arm-none-eabi/13.3.1/../../../../arm-none-eabi/lib/thumb/v7e-m+fp/hard\libc_nano.a(libc_a-freer.o)
                0x08006da8                _free_r
 .text.__sflush_r
                0x08006e3c      0x108 F:/ST/STM32CubeIDE_1.1.0/STM32CubeIDE/plugins/com.st.stm32cube.ide.mcu.externaltools.gnu-tools-for-stm32.13.3.rel1.win32_1.0.0.202411081344/tools/bin/../lib/gcc/arm-none-eabi/13.3.1/../../../../arm-none-eabi/lib/thumb/v7e-m+fp/hard\libc_nano.a(libc_a-fflush.o)
                0x08006e3c                __sflush_r
 .text._fflush_r
                0x08006f44       0x50 F:/ST/STM32CubeIDE_1.1.0/STM32CubeIDE/plugins/com.st.stm32cube.ide.mcu.externaltools.gnu-tools-for-stm32.13.3.rel1.win32_1.0.0.202411081344/tools/bin/../lib/gcc/arm-none-eabi/13.3.1/../../../../arm-none-eabi/lib/thumb/v7e-m+fp/hard\libc_nano.a(libc_a-fflush.o)
                0x08006f44                _fflush_r
 .text.fprintf  0x08006f94       0x24 F:/ST/STM32CubeIDE_1.1.0/STM32CubeIDE/plugins/com.st.stm32cube.ide.mcu.externaltools.gnu-tools-for-stm32.13.3.rel1.win32_1.0.0.202411081344/tools/bin/../lib/gcc/arm-none-eabi/13.3.1/../../../../arm-none-eabi/lib/thumb/v7e-m+fp/hard\libc_nano.a(libc_a-fprintf.o)
                0x08006f94                fiprintf
                0x08006f94                fprintf
 .text.abort    0x08006fb8        0xe F:/ST/STM32CubeIDE_1.1.0/STM32CubeIDE/plugins/com.st.stm32cube.ide.mcu.externaltools.gnu-tools-for-stm32.13.3.rel1.win32_1.0.0.202411081344/tools/bin/../lib/gcc/arm-none-eabi/13.3.1/../../../../arm-none-eabi/lib/thumb/v7e-m+fp/hard\libc_nano.a(libc_a-abort.o)
                0x08006fb8                abort
 .text.__sfputc_r
                0x08006fc6       0x2e F:/ST/STM32CubeIDE_1.1.0/STM32CubeIDE/plugins/com.st.stm32cube.ide.mcu.externaltools.gnu-tools-for-stm32.13.3.rel1.win32_1.0.0.202411081344/tools/bin/../lib/gcc/arm-none-eabi/13.3.1/../../../../arm-none-eabi/lib/thumb/v7e-m+fp/hard\libc_nano.a(libc_a-nano-vfprintf.o)
 .text.__sfputs_r
                0x08006ff4       0x24 F:/ST/STM32CubeIDE_1.1.0/STM32CubeIDE/plugins/com.st.stm32cube.ide.mcu.externaltools.gnu-tools-for-stm32.13.3.rel1.win32_1.0.0.202411081344/tools/bin/../lib/gcc/arm-none-eabi/13.3.1/../../../../arm-none-eabi/lib/thumb/v7e-m+fp/hard\libc_nano.a(libc_a-nano-vfprintf.o)
                0x08006ff4                __sfputs_r
 .text._vfprintf_r
                0x08007018      0x230 F:/ST/STM32CubeIDE_1.1.0/STM32CubeIDE/plugins/com.st.stm32cube.ide.mcu.externaltools.gnu-tools-for-stm32.13.3.rel1.win32_1.0.0.202411081344/tools/bin/../lib/gcc/arm-none-eabi/13.3.1/../../../../arm-none-eabi/lib/thumb/v7e-m+fp/hard\libc_nano.a(libc_a-nano-vfprintf.o)
                0x08007018                _vfprintf_r
                0x08007018                _vfiprintf_r
 .text._printf_common
                0x08007248       0xda F:/ST/STM32CubeIDE_1.1.0/STM32CubeIDE/plugins/com.st.stm32cube.ide.mcu.externaltools.gnu-tools-for-stm32.13.3.rel1.win32_1.0.0.202411081344/tools/bin/../lib/gcc/arm-none-eabi/13.3.1/../../../../arm-none-eabi/lib/thumb/v7e-m+fp/hard\libc_nano.a(libc_a-nano-vfprintf_i.o)
                0x08007248                _printf_common
 *fill*         0x08007322        0x2 
 .text._printf_i
                0x08007324      0x23c F:/ST/STM32CubeIDE_1.1.0/STM32CubeIDE/plugins/com.st.stm32cube.ide.mcu.externaltools.gnu-tools-for-stm32.13.3.rel1.win32_1.0.0.202411081344/tools/bin/../lib/gcc/arm-none-eabi/13.3.1/../../../../arm-none-eabi/lib/thumb/v7e-m+fp/hard\libc_nano.a(libc_a-nano-vfprintf_i.o)
                0x08007324                _printf_i
 .text.__swbuf_r
                0x08007560       0x7c F:/ST/STM32CubeIDE_1.1.0/STM32CubeIDE/plugins/com.st.stm32cube.ide.mcu.externaltools.gnu-tools-for-stm32.13.3.rel1.win32_1.0.0.202411081344/tools/bin/../lib/gcc/arm-none-eabi/13.3.1/../../../../arm-none-eabi/lib/thumb/v7e-m+fp/hard\libc_nano.a(libc_a-wbuf.o)
                0x08007560                __swbuf_r
 .text.__swsetup_r
                0x080075dc       0xac F:/ST/STM32CubeIDE_1.1.0/STM32CubeIDE/plugins/com.st.stm32cube.ide.mcu.externaltools.gnu-tools-for-stm32.13.3.rel1.win32_1.0.0.202411081344/tools/bin/../lib/gcc/arm-none-eabi/13.3.1/../../../../arm-none-eabi/lib/thumb/v7e-m+fp/hard\libc_nano.a(libc_a-wsetup.o)
                0x080075dc                __swsetup_r
 .text._raise_r
                0x08007688       0x50 F:/ST/STM32CubeIDE_1.1.0/STM32CubeIDE/plugins/com.st.stm32cube.ide.mcu.externaltools.gnu-tools-for-stm32.13.3.rel1.win32_1.0.0.202411081344/tools/bin/../lib/gcc/arm-none-eabi/13.3.1/../../../../arm-none-eabi/lib/thumb/v7e-m+fp/hard\libc_nano.a(libc_a-signal.o)
                0x08007688                _raise_r
 .text.raise    0x080076d8       0x10 F:/ST/STM32CubeIDE_1.1.0/STM32CubeIDE/plugins/com.st.stm32cube.ide.mcu.externaltools.gnu-tools-for-stm32.13.3.rel1.win32_1.0.0.202411081344/tools/bin/../lib/gcc/arm-none-eabi/13.3.1/../../../../arm-none-eabi/lib/thumb/v7e-m+fp/hard\libc_nano.a(libc_a-signal.o)
                0x080076d8                raise
 .text._kill_r  0x080076e8       0x24 F:/ST/STM32CubeIDE_1.1.0/STM32CubeIDE/plugins/com.st.stm32cube.ide.mcu.externaltools.gnu-tools-for-stm32.13.3.rel1.win32_1.0.0.202411081344/tools/bin/../lib/gcc/arm-none-eabi/13.3.1/../../../../arm-none-eabi/lib/thumb/v7e-m+fp/hard\libc_nano.a(libc_a-signalr.o)
                0x080076e8                _kill_r
 .text._getpid_r
                0x0800770c        0x4 F:/ST/STM32CubeIDE_1.1.0/STM32CubeIDE/plugins/com.st.stm32cube.ide.mcu.externaltools.gnu-tools-for-stm32.13.3.rel1.win32_1.0.0.202411081344/tools/bin/../lib/gcc/arm-none-eabi/13.3.1/../../../../arm-none-eabi/lib/thumb/v7e-m+fp/hard\libc_nano.a(libc_a-signalr.o)
                0x0800770c                _getpid_r
 .text.__swhatbuf_r
                0x08007710       0x4c F:/ST/STM32CubeIDE_1.1.0/STM32CubeIDE/plugins/com.st.stm32cube.ide.mcu.externaltools.gnu-tools-for-stm32.13.3.rel1.win32_1.0.0.202411081344/tools/bin/../lib/gcc/arm-none-eabi/13.3.1/../../../../arm-none-eabi/lib/thumb/v7e-m+fp/hard\libc_nano.a(libc_a-makebuf.o)
                0x08007710                __swhatbuf_r
 .text.__smakebuf_r
                0x0800775c       0x78 F:/ST/STM32CubeIDE_1.1.0/STM32CubeIDE/plugins/com.st.stm32cube.ide.mcu.externaltools.gnu-tools-for-stm32.13.3.rel1.win32_1.0.0.202411081344/tools/bin/../lib/gcc/arm-none-eabi/13.3.1/../../../../arm-none-eabi/lib/thumb/v7e-m+fp/hard\libc_nano.a(libc_a-makebuf.o)
                0x0800775c                __smakebuf_r
 .text._fstat_r
                0x080077d4       0x24 F:/ST/STM32CubeIDE_1.1.0/STM32CubeIDE/plugins/com.st.stm32cube.ide.mcu.externaltools.gnu-tools-for-stm32.13.3.rel1.win32_1.0.0.202411081344/tools/bin/../lib/gcc/arm-none-eabi/13.3.1/../../../../arm-none-eabi/lib/thumb/v7e-m+fp/hard\libc_nano.a(libc_a-fstatr.o)
                0x080077d4                _fstat_r
 .text._isatty_r
                0x080077f8       0x20 F:/ST/STM32CubeIDE_1.1.0/STM32CubeIDE/plugins/com.st.stm32cube.ide.mcu.externaltools.gnu-tools-for-stm32.13.3.rel1.win32_1.0.0.202411081344/tools/bin/../lib/gcc/arm-none-eabi/13.3.1/../../../../arm-none-eabi/lib/thumb/v7e-m+fp/hard\libc_nano.a(libc_a-isattyr.o)
                0x080077f8                _isatty_r
 *(.glue_7)
 .glue_7        0x08007818        0x0 linker stubs
 *(.glue_7t)
 .glue_7t       0x08007818        0x0 linker stubs
 *(.eh_frame)
 .eh_frame      0x08007818        0x0 F:/ST/STM32CubeIDE_1.1.0/STM32CubeIDE/plugins/com.st.stm32cube.ide.mcu.externaltools.gnu-tools-for-stm32.13.3.rel1.win32_1.0.0.202411081344/tools/bin/../lib/gcc/arm-none-eabi/13.3.1/thumb/v7e-m+fp/hard/crtbegin.o
 *(.init)
 .init          0x08007818        0x4 F:/ST/STM32CubeIDE_1.1.0/STM32CubeIDE/plugins/com.st.stm32cube.ide.mcu.externaltools.gnu-tools-for-stm32.13.3.rel1.win32_1.0.0.202411081344/tools/bin/../lib/gcc/arm-none-eabi/13.3.1/thumb/v7e-m+fp/hard/crti.o
                0x08007818                _init
 .init          0x0800781c        0x8 F:/ST/STM32CubeIDE_1.1.0/STM32CubeIDE/plugins/com.st.stm32cube.ide.mcu.externaltools.gnu-tools-for-stm32.13.3.rel1.win32_1.0.0.202411081344/tools/bin/../lib/gcc/arm-none-eabi/13.3.1/thumb/v7e-m+fp/hard/crtn.o
 *(.fini)
 .fini          0x08007824        0x4 F:/ST/STM32CubeIDE_1.1.0/STM32CubeIDE/plugins/com.st.stm32cube.ide.mcu.externaltools.gnu-tools-for-stm32.13.3.rel1.win32_1.0.0.202411081344/tools/bin/../lib/gcc/arm-none-eabi/13.3.1/thumb/v7e-m+fp/hard/crti.o
                0x08007824                _fini
 .fini          0x08007828        0x8 F:/ST/STM32CubeIDE_1.1.0/STM32CubeIDE/plugins/com.st.stm32cube.ide.mcu.externaltools.gnu-tools-for-stm32.13.3.rel1.win32_1.0.0.202411081344/tools/bin/../lib/gcc/arm-none-eabi/13.3.1/thumb/v7e-m+fp/hard/crtn.o
                0x08007830                        . = ALIGN (0x4)
                0x08007830                        _etext = .

.vfp11_veneer   0x08007830        0x0
 .vfp11_veneer  0x08007830        0x0 linker stubs

.v4_bx          0x08007830        0x0
 .v4_bx         0x08007830        0x0 linker stubs

.iplt           0x08007830        0x0
 .iplt          0x08007830        0x0 F:/ST/STM32CubeIDE_1.1.0/STM32CubeIDE/plugins/com.st.stm32cube.ide.mcu.externaltools.gnu-tools-for-stm32.13.3.rel1.win32_1.0.0.202411081344/tools/bin/../lib/gcc/arm-none-eabi/13.3.1/thumb/v7e-m+fp/hard/crtbegin.o

.rodata         0x08007830    0x2ee00
                0x08007830                        . = ALIGN (0x4)
 *(.rodata)
 .rodata        0x08007830       0x5c ./Core/Src/main.o
 .rodata        0x0800788c       0x48 ./XPT2046/demo.o
 .rodata        0x080078d4        0x3 ./XPT2046/xpt2046.o
 *(.rodata*)
 *fill*         0x080078d7        0x1 
 .rodata.demo_gl.str1.4
                0x080078d8      0x251 ./Core/Src/main.o
                                 0x39 (size before relaxing)
 .rodata.main.str1.4
                0x08007b29       0xcc ./Core/Src/main.o
 *fill*         0x08007b29        0x3 
 .rodata.Font15x25
                0x08007b2c     0x2bc0 ./Display/fonts.o
 .rodata.Font12x20
                0x0800a6ec     0x2300 ./Display/fonts.o
 .rodata.Font8x13
                0x0800c9ec      0xb60 ./Display/fonts.o
 .rodata.CSWTCH.6
                0x0800d54c        0x4 ./Display/ili9488.o
 .rodata.ILI9488_sleepout_str
                0x0800d550        0x6 ./Display/ili9488.o
                0x0800d550                ILI9488_sleepout_str
 *fill*         0x0800d556        0x2 
 .rodata.ILI9488_sleepin_str
                0x0800d558        0x6 ./Display/ili9488.o
                0x0800d558                ILI9488_sleepin_str
 *fill*         0x0800d55e        0x2 
 .rodata.ILI9488_init_str
                0x0800d560       0x19 ./Display/ili9488.o
                0x0800d560                ILI9488_init_str
 *fill*         0x0800d579        0x3 
 .rodata.Ipsf   0x0800d57c       0x80 ./JPEG/tjpgd.o
 .rodata.Zig    0x0800d5fc       0x40 ./JPEG/tjpgd.o
 .rodata.CSWTCH.37
                0x0800d63c       0x14 ./MicroGL2D/microgl2d.o
 .rodata.CSWTCH.36
                0x0800d650        0x5 ./MicroGL2D/microgl2d.o
 *fill*         0x0800d655        0x3 
 .rodata.sin_tbl_int
                0x0800d658       0xb6 ./MicroGL2D/microgl2d.o
                0x0800d658                sin_tbl_int
 *fill*         0x0800d70e        0x2 
 .rodata.picture_jpg_test
                0x0800d710        0x8 ./Textures/jpeg_files.o
                0x0800d710                picture_jpg_test
 .rodata.jpeg_file_test
                0x0800d718     0x576a ./Textures/jpeg_files.o
                0x0800d718                jpeg_file_test
 *fill*         0x08012e82        0x2 
 .rodata.image_loshad
                0x08012e84       0x10 ./Textures/textures.o
                0x08012e84                image_loshad
 .rodata.image_melnica
                0x08012e94       0x10 ./Textures/textures.o
                0x08012e94                image_melnica
 .rodata.image_avatar
                0x08012ea4       0x10 ./Textures/textures.o
                0x08012ea4                image_avatar
 .rodata.image_youtube
                0x08012eb4       0x10 ./Textures/textures.o
                0x08012eb4                image_youtube
 .rodata.image_data_loshad
                0x08012ec4     0x1c20 ./Textures/textures.o
                0x08012ec4                image_data_loshad
 .rodata.image_data_melnica
                0x08014ae4     0x4bc8 ./Textures/textures.o
                0x08014ae4                image_data_melnica
 .rodata.image_data_avatar
                0x080196ac      0xc80 ./Textures/textures.o
                0x080196ac                image_data_avatar
 .rodata.image_data_youtube
                0x0801a32c    0x1c200 ./Textures/textures.o
                0x0801a32c                image_data_youtube
 .rodata.XPT2046_CalibrateTouch.str1.4
                0x0803652c      0x10f ./XPT2046/calibrate_touch.o
 .rodata.Draw_TouchPenDemo.str1.4
                0x0803652c       0x30 ./XPT2046/demo.o
 .rodata.RoadCircleDemo.str1.4
                0x0803652c        0xd ./XPT2046/demo.o
 .rodata.srand.str1.1
                0x0803652c      0x103 F:/ST/STM32CubeIDE_1.1.0/STM32CubeIDE/plugins/com.st.stm32cube.ide.mcu.externaltools.gnu-tools-for-stm32.13.3.rel1.win32_1.0.0.202411081344/tools/bin/../lib/gcc/arm-none-eabi/13.3.1/../../../../arm-none-eabi/lib/thumb/v7e-m+fp/hard\libc_nano.a(libc_a-rand.o)
                                 0x6f (size before relaxing)
 .rodata.__utoa.str1.1
                0x0803662f       0x25 F:/ST/STM32CubeIDE_1.1.0/STM32CubeIDE/plugins/com.st.stm32cube.ide.mcu.externaltools.gnu-tools-for-stm32.13.3.rel1.win32_1.0.0.202411081344/tools/bin/../lib/gcc/arm-none-eabi/13.3.1/../../../../arm-none-eabi/lib/thumb/v7e-m+fp/hard\libc_nano.a(libc_a-utoa.o)
 .rodata.__assert_func.str1.1
                0x0803662f       0x3d F:/ST/STM32CubeIDE_1.1.0/STM32CubeIDE/plugins/com.st.stm32cube.ide.mcu.externaltools.gnu-tools-for-stm32.13.3.rel1.win32_1.0.0.202411081344/tools/bin/../lib/gcc/arm-none-eabi/13.3.1/../../../../arm-none-eabi/lib/thumb/v7e-m+fp/hard\libc_nano.a(libc_a-assert.o)
 .rodata._vfprintf_r.str1.1
                0x0803662f       0x11 F:/ST/STM32CubeIDE_1.1.0/STM32CubeIDE/plugins/com.st.stm32cube.ide.mcu.externaltools.gnu-tools-for-stm32.13.3.rel1.win32_1.0.0.202411081344/tools/bin/../lib/gcc/arm-none-eabi/13.3.1/../../../../arm-none-eabi/lib/thumb/v7e-m+fp/hard\libc_nano.a(libc_a-nano-vfprintf.o)
 .rodata._printf_i.str1.1
                0x0803662f       0x22 F:/ST/STM32CubeIDE_1.1.0/STM32CubeIDE/plugins/com.st.stm32cube.ide.mcu.externaltools.gnu-tools-for-stm32.13.3.rel1.win32_1.0.0.202411081344/tools/bin/../lib/gcc/arm-none-eabi/13.3.1/../../../../arm-none-eabi/lib/thumb/v7e-m+fp/hard\libc_nano.a(libc_a-nano-vfprintf_i.o)
                0x0803666c                        . = ALIGN (0x4)
 *fill*         0x0803662f        0x1 

.ARM.extab      0x08036630        0x0
                0x08036630                        . = ALIGN (0x4)
 *(.ARM.extab* .gnu.linkonce.armextab.*)
                0x08036630                        . = ALIGN (0x4)

.ARM            0x08036630        0x8
                0x08036630                        . = ALIGN (0x4)
                0x08036630                        __exidx_start = .
 *(.ARM.exidx*)
 .ARM.exidx     0x08036630        0x8 F:/ST/STM32CubeIDE_1.1.0/STM32CubeIDE/plugins/com.st.stm32cube.ide.mcu.externaltools.gnu-tools-for-stm32.13.3.rel1.win32_1.0.0.202411081344/tools/bin/../lib/gcc/arm-none-eabi/13.3.1/../../../../arm-none-eabi/lib/thumb/v7e-m+fp/hard\libc_nano.a(libc_a-strlen.o)
 .ARM.exidx     0x08036638        0x0 F:/ST/STM32CubeIDE_1.1.0/STM32CubeIDE/plugins/com.st.stm32cube.ide.mcu.externaltools.gnu-tools-for-stm32.13.3.rel1.win32_1.0.0.202411081344/tools/bin/../lib/gcc/arm-none-eabi/13.3.1/../../../../arm-none-eabi/lib/thumb/v7e-m+fp/hard\libc_nano.a(libc_a-memchr.o)
                                  0x8 (size before relaxing)
 .ARM.exidx     0x08036638        0x0 F:/ST/STM32CubeIDE_1.1.0/STM32CubeIDE/plugins/com.st.stm32cube.ide.mcu.externaltools.gnu-tools-for-stm32.13.3.rel1.win32_1.0.0.202411081344/tools/bin/../lib/gcc/arm-none-eabi/13.3.1/thumb/v7e-m+fp/hard\libgcc.a(_udivmoddi4.o)
                                  0x8 (size before relaxing)
                0x08036638                        __exidx_end = .
                0x08036638                        . = ALIGN (0x4)

.rel.dyn        0x08036638        0x0
 .rel.iplt      0x08036638        0x0 F:/ST/STM32CubeIDE_1.1.0/STM32CubeIDE/plugins/com.st.stm32cube.ide.mcu.externaltools.gnu-tools-for-stm32.13.3.rel1.win32_1.0.0.202411081344/tools/bin/../lib/gcc/arm-none-eabi/13.3.1/thumb/v7e-m+fp/hard/crtbegin.o

.preinit_array  0x08036638        0x0
                0x08036638                        . = ALIGN (0x4)
                0x08036638                        PROVIDE (__preinit_array_start = .)
 *(.preinit_array*)
                0x08036638                        PROVIDE (__preinit_array_end = .)
                0x08036638                        . = ALIGN (0x4)

.init_array     0x08036638        0x4
                0x08036638                        . = ALIGN (0x4)
                0x08036638                        PROVIDE (__init_array_start = .)
 *(SORT_BY_NAME(.init_array.*))
 *(.init_array*)
 .init_array    0x08036638        0x4 F:/ST/STM32CubeIDE_1.1.0/STM32CubeIDE/plugins/com.st.stm32cube.ide.mcu.externaltools.gnu-tools-for-stm32.13.3.rel1.win32_1.0.0.202411081344/tools/bin/../lib/gcc/arm-none-eabi/13.3.1/thumb/v7e-m+fp/hard/crtbegin.o
                0x0803663c                        PROVIDE (__init_array_end = .)
                0x0803663c                        . = ALIGN (0x4)

.fini_array     0x0803663c        0x4
                0x0803663c                        . = ALIGN (0x4)
                [!provide]                        PROVIDE (__fini_array_start = .)
 *(SORT_BY_NAME(.fini_array.*))
 *(.fini_array*)
 .fini_array    0x0803663c        0x4 F:/ST/STM32CubeIDE_1.1.0/STM32CubeIDE/plugins/com.st.stm32cube.ide.mcu.externaltools.gnu-tools-for-stm32.13.3.rel1.win32_1.0.0.202411081344/tools/bin/../lib/gcc/arm-none-eabi/13.3.1/thumb/v7e-m+fp/hard/crtbegin.o
                [!provide]                        PROVIDE (__fini_array_end = .)
                0x08036640                        . = ALIGN (0x4)
                0x08036640                        _sidata = LOADADDR (.data)

.data           0x20000000       0xa0 load address 0x08036640
                0x20000000                        . = ALIGN (0x4)
                0x20000000                        _sdata = .
 *(.data)
 *(.data*)
 .data.SystemCoreClock
                0x20000000        0x4 ./Core/Src/main.o
                0x20000000                SystemCoreClock
 .data.Font_15x25
                0x20000004        0xc ./Display/fonts.o
                0x20000004                Font_15x25
 .data.Font_12x20
                0x20000010        0xc ./Display/fonts.o
                0x20000010                Font_12x20
 .data.Font_8x13
                0x2000001c        0xc ./Display/fonts.o
                0x2000001c                Font_8x13
 .data.ILI9488_orientation_str
                0x20000028        0x5 ./Display/ili9488.o
 *fill*         0x2000002d        0x3 
 .data.ILI9488_setwin_str
                0x20000030       0x10 ./Display/ili9488.o
 .data.JPEG_color_mode
                0x20000040        0x1 ./JPEG/jpeg_chan.o
                0x20000040                JPEG_color_mode
 *fill*         0x20000041        0x3 
 .data.__sglue  0x20000044        0xc F:/ST/STM32CubeIDE_1.1.0/STM32CubeIDE/plugins/com.st.stm32cube.ide.mcu.externaltools.gnu-tools-for-stm32.13.3.rel1.win32_1.0.0.202411081344/tools/bin/../lib/gcc/arm-none-eabi/13.3.1/../../../../arm-none-eabi/lib/thumb/v7e-m+fp/hard\libc_nano.a(libc_a-findfp.o)
                0x20000044                __sglue
 .data._impure_ptr
                0x20000050        0x4 F:/ST/STM32CubeIDE_1.1.0/STM32CubeIDE/plugins/com.st.stm32cube.ide.mcu.externaltools.gnu-tools-for-stm32.13.3.rel1.win32_1.0.0.202411081344/tools/bin/../lib/gcc/arm-none-eabi/13.3.1/../../../../arm-none-eabi/lib/thumb/v7e-m+fp/hard\libc_nano.a(libc_a-impure.o)
                0x20000050                _impure_ptr
 .data._impure_data
                0x20000054       0x4c F:/ST/STM32CubeIDE_1.1.0/STM32CubeIDE/plugins/com.st.stm32cube.ide.mcu.externaltools.gnu-tools-for-stm32.13.3.rel1.win32_1.0.0.202411081344/tools/bin/../lib/gcc/arm-none-eabi/13.3.1/../../../../arm-none-eabi/lib/thumb/v7e-m+fp/hard\libc_nano.a(libc_a-impure.o)
                0x20000054                _impure_data
 *(.RamFunc)
 *(.RamFunc*)
                0x200000a0                        . = ALIGN (0x4)
                0x200000a0                        _edata = .
                0x080366e0                        _siccmram = LOADADDR (.ccmram)

.igot.plt       0x200000a0        0x0 load address 0x080366e0
 .igot.plt      0x200000a0        0x0 F:/ST/STM32CubeIDE_1.1.0/STM32CubeIDE/plugins/com.st.stm32cube.ide.mcu.externaltools.gnu-tools-for-stm32.13.3.rel1.win32_1.0.0.202411081344/tools/bin/../lib/gcc/arm-none-eabi/13.3.1/thumb/v7e-m+fp/hard/crtbegin.o

.ccmram         0x10000000        0x0 load address 0x080366e0
                0x10000000                        . = ALIGN (0x4)
                0x10000000                        _sccmram = .
 *(.ccmram)
 *(.ccmram*)
                0x10000000                        . = ALIGN (0x4)
                0x10000000                        _eccmram = .
                0x10000000                        . = ALIGN (0x4)

.bss            0x200000a0     0x3060
                0x200000a0                        _sbss = .
                0x200000a0                        __bss_start__ = _sbss
 *(.bss)
 .bss           0x200000a0       0x1c F:/ST/STM32CubeIDE_1.1.0/STM32CubeIDE/plugins/com.st.stm32cube.ide.mcu.externaltools.gnu-tools-for-stm32.13.3.rel1.win32_1.0.0.202411081344/tools/bin/../lib/gcc/arm-none-eabi/13.3.1/thumb/v7e-m+fp/hard/crtbegin.o
 *(.bss*)
 .bss.render_buf2
                0x200000bc        0x4 ./Core/Src/main.o
                0x200000bc                render_buf2
 .bss.render_buf1
                0x200000c0        0x4 ./Core/Src/main.o
                0x200000c0                render_buf1
 .bss.millis    0x200000c4        0x4 ./Core/Src/main.o
                0x200000c4                millis
 .bss.__sbrk_heap_end
                0x200000c8        0x4 ./Core/Src/sysmem.o
 .bss.LCD       0x200000cc        0x4 ./Display/display.o
                0x200000cc                LCD
 .bss.work_buffer
                0x200000d0     0x2ee0 ./JPEG/jpeg_chan.o
                0x200000d0                work_buffer
 .bss.touch     0x20002fb0        0x4 ./XPT2046/xpt2046.o
                0x20002fb0                touch
 .bss.__malloc_sbrk_start
                0x20002fb4        0x4 F:/ST/STM32CubeIDE_1.1.0/STM32CubeIDE/plugins/com.st.stm32cube.ide.mcu.externaltools.gnu-tools-for-stm32.13.3.rel1.win32_1.0.0.202411081344/tools/bin/../lib/gcc/arm-none-eabi/13.3.1/../../../../arm-none-eabi/lib/thumb/v7e-m+fp/hard\libc_nano.a(libc_a-mallocr.o)
                0x20002fb4                __malloc_sbrk_start
 .bss.__malloc_free_list
                0x20002fb8        0x4 F:/ST/STM32CubeIDE_1.1.0/STM32CubeIDE/plugins/com.st.stm32cube.ide.mcu.externaltools.gnu-tools-for-stm32.13.3.rel1.win32_1.0.0.202411081344/tools/bin/../lib/gcc/arm-none-eabi/13.3.1/../../../../arm-none-eabi/lib/thumb/v7e-m+fp/hard\libc_nano.a(libc_a-mallocr.o)
                0x20002fb8                __malloc_free_list
 .bss.__sf      0x20002fbc      0x138 F:/ST/STM32CubeIDE_1.1.0/STM32CubeIDE/plugins/com.st.stm32cube.ide.mcu.externaltools.gnu-tools-for-stm32.13.3.rel1.win32_1.0.0.202411081344/tools/bin/../lib/gcc/arm-none-eabi/13.3.1/../../../../arm-none-eabi/lib/thumb/v7e-m+fp/hard\libc_nano.a(libc_a-findfp.o)
                0x20002fbc                __sf
 .bss.__stdio_exit_handler
                0x200030f4        0x4 F:/ST/STM32CubeIDE_1.1.0/STM32CubeIDE/plugins/com.st.stm32cube.ide.mcu.externaltools.gnu-tools-for-stm32.13.3.rel1.win32_1.0.0.202411081344/tools/bin/../lib/gcc/arm-none-eabi/13.3.1/../../../../arm-none-eabi/lib/thumb/v7e-m+fp/hard\libc_nano.a(libc_a-findfp.o)
                0x200030f4                __stdio_exit_handler
 .bss.errno     0x200030f8        0x4 F:/ST/STM32CubeIDE_1.1.0/STM32CubeIDE/plugins/com.st.stm32cube.ide.mcu.externaltools.gnu-tools-for-stm32.13.3.rel1.win32_1.0.0.202411081344/tools/bin/../lib/gcc/arm-none-eabi/13.3.1/../../../../arm-none-eabi/lib/thumb/v7e-m+fp/hard\libc_nano.a(libc_a-reent.o)
                0x200030f8                errno
 .bss.__lock___malloc_recursive_mutex
                0x200030fc        0x1 F:/ST/STM32CubeIDE_1.1.0/STM32CubeIDE/plugins/com.st.stm32cube.ide.mcu.externaltools.gnu-tools-for-stm32.13.3.rel1.win32_1.0.0.202411081344/tools/bin/../lib/gcc/arm-none-eabi/13.3.1/../../../../arm-none-eabi/lib/thumb/v7e-m+fp/hard\libc_nano.a(libc_a-lock.o)
                0x200030fc                __lock___malloc_recursive_mutex
 .bss.__lock___sfp_recursive_mutex
                0x200030fd        0x1 F:/ST/STM32CubeIDE_1.1.0/STM32CubeIDE/plugins/com.st.stm32cube.ide.mcu.externaltools.gnu-tools-for-stm32.13.3.rel1.win32_1.0.0.202411081344/tools/bin/../lib/gcc/arm-none-eabi/13.3.1/../../../../arm-none-eabi/lib/thumb/v7e-m+fp/hard\libc_nano.a(libc_a-lock.o)
                0x200030fd                __lock___sfp_recursive_mutex
 *(COMMON)
                0x20003100                        . = ALIGN (0x4)
 *fill*         0x200030fe        0x2 
                0x20003100                        _ebss = .
                0x20003100                        __bss_end__ = _ebss

._user_heap_stack
                0x20003100      0x600
                0x20003100                        . = ALIGN (0x8)
                [!provide]                        PROVIDE (end = .)
                0x20003100                        PROVIDE (_end = .)
                0x20003300                        . = (. + _Min_Heap_Size)
 *fill*         0x20003100      0x200 
                0x20003700                        . = (. + _Min_Stack_Size)
 *fill*         0x20003300      0x400 
                0x20003700                        . = ALIGN (0x8)

/DISCARD/
 libc.a(*)
 libm.a(*)
 libgcc.a(*)

.ARM.attributes
                0x00000000       0x30
 *(.ARM.attributes)
 .ARM.attributes
                0x00000000       0x22 F:/ST/STM32CubeIDE_1.1.0/STM32CubeIDE/plugins/com.st.stm32cube.ide.mcu.externaltools.gnu-tools-for-stm32.13.3.rel1.win32_1.0.0.202411081344/tools/bin/../lib/gcc/arm-none-eabi/13.3.1/thumb/v7e-m+fp/hard/crti.o
 .ARM.attributes
                0x00000022       0x34 F:/ST/STM32CubeIDE_1.1.0/STM32CubeIDE/plugins/com.st.stm32cube.ide.mcu.externaltools.gnu-tools-for-stm32.13.3.rel1.win32_1.0.0.202411081344/tools/bin/../lib/gcc/arm-none-eabi/13.3.1/thumb/v7e-m+fp/hard/crtbegin.o
 .ARM.attributes
                0x00000056       0x34 ./Core/Src/main.o
 .ARM.attributes
                0x0000008a       0x34 ./Core/Src/syscalls.o
 .ARM.attributes
                0x000000be       0x34 ./Core/Src/sysmem.o
 .ARM.attributes
                0x000000f2       0x21 ./Core/Startup/startup_stm32f407vetx.o
 .ARM.attributes
                0x00000113       0x34 ./Display/display.o
 .ARM.attributes
                0x00000147       0x34 ./Display/fonts.o
 .ARM.attributes
                0x0000017b       0x34 ./Display/ili9488.o
 .ARM.attributes
                0x000001af       0x34 ./JPEG/jpeg_chan.o
 .ARM.attributes
                0x000001e3       0x34 ./JPEG/tjpgd.o
 .ARM.attributes
                0x00000217       0x34 ./MicroGL2D/microgl2d.o
 .ARM.attributes
                0x0000024b       0x34 ./Textures/jpeg_files.o
 .ARM.attributes
                0x0000027f       0x34 ./Textures/textures.o
 .ARM.attributes
                0x000002b3       0x34 ./XPT2046/calibrate_touch.o
 .ARM.attributes
                0x000002e7       0x34 ./XPT2046/demo.o
 .ARM.attributes
                0x0000031b       0x34 ./XPT2046/xpt2046.o
 .ARM.attributes
                0x0000034f       0x34 F:/ST/STM32CubeIDE_1.1.0/STM32CubeIDE/plugins/com.st.stm32cube.ide.mcu.externaltools.gnu-tools-for-stm32.13.3.rel1.win32_1.0.0.202411081344/tools/bin/../lib/gcc/arm-none-eabi/13.3.1/../../../../arm-none-eabi/lib/thumb/v7e-m+fp/hard\libc_nano.a(libc_a-calloc.o)
 .ARM.attributes
                0x00000383       0x34 F:/ST/STM32CubeIDE_1.1.0/STM32CubeIDE/plugins/com.st.stm32cube.ide.mcu.externaltools.gnu-tools-for-stm32.13.3.rel1.win32_1.0.0.202411081344/tools/bin/../lib/gcc/arm-none-eabi/13.3.1/../../../../arm-none-eabi/lib/thumb/v7e-m+fp/hard\libc_nano.a(libc_a-callocr.o)
 .ARM.attributes
                0x000003b7       0x34 F:/ST/STM32CubeIDE_1.1.0/STM32CubeIDE/plugins/com.st.stm32cube.ide.mcu.externaltools.gnu-tools-for-stm32.13.3.rel1.win32_1.0.0.202411081344/tools/bin/../lib/gcc/arm-none-eabi/13.3.1/../../../../arm-none-eabi/lib/thumb/v7e-m+fp/hard\libc_nano.a(libc_a-itoa.o)
 .ARM.attributes
                0x000003eb       0x34 F:/ST/STM32CubeIDE_1.1.0/STM32CubeIDE/plugins/com.st.stm32cube.ide.mcu.externaltools.gnu-tools-for-stm32.13.3.rel1.win32_1.0.0.202411081344/tools/bin/../lib/gcc/arm-none-eabi/13.3.1/../../../../arm-none-eabi/lib/thumb/v7e-m+fp/hard\libc_nano.a(libc_a-malloc.o)
 .ARM.attributes
                0x0000041f       0x34 F:/ST/STM32CubeIDE_1.1.0/STM32CubeIDE/plugins/com.st.stm32cube.ide.mcu.externaltools.gnu-tools-for-stm32.13.3.rel1.win32_1.0.0.202411081344/tools/bin/../lib/gcc/arm-none-eabi/13.3.1/../../../../arm-none-eabi/lib/thumb/v7e-m+fp/hard\libc_nano.a(libc_a-mallocr.o)
 .ARM.attributes
                0x00000453       0x34 F:/ST/STM32CubeIDE_1.1.0/STM32CubeIDE/plugins/com.st.stm32cube.ide.mcu.externaltools.gnu-tools-for-stm32.13.3.rel1.win32_1.0.0.202411081344/tools/bin/../lib/gcc/arm-none-eabi/13.3.1/../../../../arm-none-eabi/lib/thumb/v7e-m+fp/hard\libc_nano.a(libc_a-mlock.o)
 .ARM.attributes
                0x00000487       0x34 F:/ST/STM32CubeIDE_1.1.0/STM32CubeIDE/plugins/com.st.stm32cube.ide.mcu.externaltools.gnu-tools-for-stm32.13.3.rel1.win32_1.0.0.202411081344/tools/bin/../lib/gcc/arm-none-eabi/13.3.1/../../../../arm-none-eabi/lib/thumb/v7e-m+fp/hard\libc_nano.a(libc_a-rand.o)
 .ARM.attributes
                0x000004bb       0x34 F:/ST/STM32CubeIDE_1.1.0/STM32CubeIDE/plugins/com.st.stm32cube.ide.mcu.externaltools.gnu-tools-for-stm32.13.3.rel1.win32_1.0.0.202411081344/tools/bin/../lib/gcc/arm-none-eabi/13.3.1/../../../../arm-none-eabi/lib/thumb/v7e-m+fp/hard\libc_nano.a(libc_a-utoa.o)
 .ARM.attributes
                0x000004ef       0x34 F:/ST/STM32CubeIDE_1.1.0/STM32CubeIDE/plugins/com.st.stm32cube.ide.mcu.externaltools.gnu-tools-for-stm32.13.3.rel1.win32_1.0.0.202411081344/tools/bin/../lib/gcc/arm-none-eabi/13.3.1/../../../../arm-none-eabi/lib/thumb/v7e-m+fp/hard\libc_nano.a(libc_a-findfp.o)
 .ARM.attributes
                0x00000523       0x34 F:/ST/STM32CubeIDE_1.1.0/STM32CubeIDE/plugins/com.st.stm32cube.ide.mcu.externaltools.gnu-tools-for-stm32.13.3.rel1.win32_1.0.0.202411081344/tools/bin/../lib/gcc/arm-none-eabi/13.3.1/../../../../arm-none-eabi/lib/thumb/v7e-m+fp/hard\libc_nano.a(libc_a-fwalk.o)
 .ARM.attributes
                0x00000557       0x34 F:/ST/STM32CubeIDE_1.1.0/STM32CubeIDE/plugins/com.st.stm32cube.ide.mcu.externaltools.gnu-tools-for-stm32.13.3.rel1.win32_1.0.0.202411081344/tools/bin/../lib/gcc/arm-none-eabi/13.3.1/../../../../arm-none-eabi/lib/thumb/v7e-m+fp/hard\libc_nano.a(libc_a-stdio.o)
 .ARM.attributes
                0x0000058b       0x34 F:/ST/STM32CubeIDE_1.1.0/STM32CubeIDE/plugins/com.st.stm32cube.ide.mcu.externaltools.gnu-tools-for-stm32.13.3.rel1.win32_1.0.0.202411081344/tools/bin/../lib/gcc/arm-none-eabi/13.3.1/../../../../arm-none-eabi/lib/thumb/v7e-m+fp/hard\libc_nano.a(libc_a-memmove.o)
 .ARM.attributes
                0x000005bf       0x34 F:/ST/STM32CubeIDE_1.1.0/STM32CubeIDE/plugins/com.st.stm32cube.ide.mcu.externaltools.gnu-tools-for-stm32.13.3.rel1.win32_1.0.0.202411081344/tools/bin/../lib/gcc/arm-none-eabi/13.3.1/../../../../arm-none-eabi/lib/thumb/v7e-m+fp/hard\libc_nano.a(libc_a-memset.o)
 .ARM.attributes
                0x000005f3       0x34 F:/ST/STM32CubeIDE_1.1.0/STM32CubeIDE/plugins/com.st.stm32cube.ide.mcu.externaltools.gnu-tools-for-stm32.13.3.rel1.win32_1.0.0.202411081344/tools/bin/../lib/gcc/arm-none-eabi/13.3.1/../../../../arm-none-eabi/lib/thumb/v7e-m+fp/hard\libc_nano.a(libc_a-strcat.o)
 .ARM.attributes
                0x00000627       0x34 F:/ST/STM32CubeIDE_1.1.0/STM32CubeIDE/plugins/com.st.stm32cube.ide.mcu.externaltools.gnu-tools-for-stm32.13.3.rel1.win32_1.0.0.202411081344/tools/bin/../lib/gcc/arm-none-eabi/13.3.1/../../../../arm-none-eabi/lib/thumb/v7e-m+fp/hard\libc_nano.a(libc_a-stpcpy.o)
 .ARM.attributes
                0x0000065b       0x34 F:/ST/STM32CubeIDE_1.1.0/STM32CubeIDE/plugins/com.st.stm32cube.ide.mcu.externaltools.gnu-tools-for-stm32.13.3.rel1.win32_1.0.0.202411081344/tools/bin/../lib/gcc/arm-none-eabi/13.3.1/../../../../arm-none-eabi/lib/thumb/v7e-m+fp/hard\libc_nano.a(libc_a-closer.o)
 .ARM.attributes
                0x0000068f       0x34 F:/ST/STM32CubeIDE_1.1.0/STM32CubeIDE/plugins/com.st.stm32cube.ide.mcu.externaltools.gnu-tools-for-stm32.13.3.rel1.win32_1.0.0.202411081344/tools/bin/../lib/gcc/arm-none-eabi/13.3.1/../../../../arm-none-eabi/lib/thumb/v7e-m+fp/hard\libc_nano.a(libc_a-reent.o)
 .ARM.attributes
                0x000006c3       0x34 F:/ST/STM32CubeIDE_1.1.0/STM32CubeIDE/plugins/com.st.stm32cube.ide.mcu.externaltools.gnu-tools-for-stm32.13.3.rel1.win32_1.0.0.202411081344/tools/bin/../lib/gcc/arm-none-eabi/13.3.1/../../../../arm-none-eabi/lib/thumb/v7e-m+fp/hard\libc_nano.a(libc_a-impure.o)
 .ARM.attributes
                0x000006f7       0x34 F:/ST/STM32CubeIDE_1.1.0/STM32CubeIDE/plugins/com.st.stm32cube.ide.mcu.externaltools.gnu-tools-for-stm32.13.3.rel1.win32_1.0.0.202411081344/tools/bin/../lib/gcc/arm-none-eabi/13.3.1/../../../../arm-none-eabi/lib/thumb/v7e-m+fp/hard\libc_nano.a(libc_a-lseekr.o)
 .ARM.attributes
                0x0000072b       0x34 F:/ST/STM32CubeIDE_1.1.0/STM32CubeIDE/plugins/com.st.stm32cube.ide.mcu.externaltools.gnu-tools-for-stm32.13.3.rel1.win32_1.0.0.202411081344/tools/bin/../lib/gcc/arm-none-eabi/13.3.1/../../../../arm-none-eabi/lib/thumb/v7e-m+fp/hard\libc_nano.a(libc_a-readr.o)
 .ARM.attributes
                0x0000075f       0x34 F:/ST/STM32CubeIDE_1.1.0/STM32CubeIDE/plugins/com.st.stm32cube.ide.mcu.externaltools.gnu-tools-for-stm32.13.3.rel1.win32_1.0.0.202411081344/tools/bin/../lib/gcc/arm-none-eabi/13.3.1/../../../../arm-none-eabi/lib/thumb/v7e-m+fp/hard\libc_nano.a(libc_a-sbrkr.o)
 .ARM.attributes
                0x00000793       0x34 F:/ST/STM32CubeIDE_1.1.0/STM32CubeIDE/plugins/com.st.stm32cube.ide.mcu.externaltools.gnu-tools-for-stm32.13.3.rel1.win32_1.0.0.202411081344/tools/bin/../lib/gcc/arm-none-eabi/13.3.1/../../../../arm-none-eabi/lib/thumb/v7e-m+fp/hard\libc_nano.a(libc_a-writer.o)
 .ARM.attributes
                0x000007c7       0x34 F:/ST/STM32CubeIDE_1.1.0/STM32CubeIDE/plugins/com.st.stm32cube.ide.mcu.externaltools.gnu-tools-for-stm32.13.3.rel1.win32_1.0.0.202411081344/tools/bin/../lib/gcc/arm-none-eabi/13.3.1/../../../../arm-none-eabi/lib/thumb/v7e-m+fp/hard\libc_nano.a(libc_a-errno.o)
 .ARM.attributes
                0x000007fb       0x34 F:/ST/STM32CubeIDE_1.1.0/STM32CubeIDE/plugins/com.st.stm32cube.ide.mcu.externaltools.gnu-tools-for-stm32.13.3.rel1.win32_1.0.0.202411081344/tools/bin/../lib/gcc/arm-none-eabi/13.3.1/../../../../arm-none-eabi/lib/thumb/v7e-m+fp/hard\libc_nano.a(libc_a-init.o)
 .ARM.attributes
                0x0000082f       0x34 F:/ST/STM32CubeIDE_1.1.0/STM32CubeIDE/plugins/com.st.stm32cube.ide.mcu.externaltools.gnu-tools-for-stm32.13.3.rel1.win32_1.0.0.202411081344/tools/bin/../lib/gcc/arm-none-eabi/13.3.1/../../../../arm-none-eabi/lib/thumb/v7e-m+fp/hard\libc_nano.a(libc_a-lock.o)
 .ARM.attributes
                0x00000863       0x34 F:/ST/STM32CubeIDE_1.1.0/STM32CubeIDE/plugins/com.st.stm32cube.ide.mcu.externaltools.gnu-tools-for-stm32.13.3.rel1.win32_1.0.0.202411081344/tools/bin/../lib/gcc/arm-none-eabi/13.3.1/../../../../arm-none-eabi/lib/thumb/v7e-m+fp/hard\libc_nano.a(libc_a-memcpy-stub.o)
 .ARM.attributes
                0x00000897       0x17 F:/ST/STM32CubeIDE_1.1.0/STM32CubeIDE/plugins/com.st.stm32cube.ide.mcu.externaltools.gnu-tools-for-stm32.13.3.rel1.win32_1.0.0.202411081344/tools/bin/../lib/gcc/arm-none-eabi/13.3.1/../../../../arm-none-eabi/lib/thumb/v7e-m+fp/hard\libc_nano.a(libc_a-strlen.o)
 .ARM.attributes
                0x000008ae       0x34 F:/ST/STM32CubeIDE_1.1.0/STM32CubeIDE/plugins/com.st.stm32cube.ide.mcu.externaltools.gnu-tools-for-stm32.13.3.rel1.win32_1.0.0.202411081344/tools/bin/../lib/gcc/arm-none-eabi/13.3.1/../../../../arm-none-eabi/lib/thumb/v7e-m+fp/hard\libc_nano.a(libc_a-assert.o)
 .ARM.attributes
                0x000008e2       0x34 F:/ST/STM32CubeIDE_1.1.0/STM32CubeIDE/plugins/com.st.stm32cube.ide.mcu.externaltools.gnu-tools-for-stm32.13.3.rel1.win32_1.0.0.202411081344/tools/bin/../lib/gcc/arm-none-eabi/13.3.1/../../../../arm-none-eabi/lib/thumb/v7e-m+fp/hard\libc_nano.a(libc_a-freer.o)
 .ARM.attributes
                0x00000916       0x34 F:/ST/STM32CubeIDE_1.1.0/STM32CubeIDE/plugins/com.st.stm32cube.ide.mcu.externaltools.gnu-tools-for-stm32.13.3.rel1.win32_1.0.0.202411081344/tools/bin/../lib/gcc/arm-none-eabi/13.3.1/../../../../arm-none-eabi/lib/thumb/v7e-m+fp/hard\libc_nano.a(libc_a-fflush.o)
 .ARM.attributes
                0x0000094a       0x34 F:/ST/STM32CubeIDE_1.1.0/STM32CubeIDE/plugins/com.st.stm32cube.ide.mcu.externaltools.gnu-tools-for-stm32.13.3.rel1.win32_1.0.0.202411081344/tools/bin/../lib/gcc/arm-none-eabi/13.3.1/../../../../arm-none-eabi/lib/thumb/v7e-m+fp/hard\libc_nano.a(libc_a-fprintf.o)
 .ARM.attributes
                0x0000097e       0x34 F:/ST/STM32CubeIDE_1.1.0/STM32CubeIDE/plugins/com.st.stm32cube.ide.mcu.externaltools.gnu-tools-for-stm32.13.3.rel1.win32_1.0.0.202411081344/tools/bin/../lib/gcc/arm-none-eabi/13.3.1/../../../../arm-none-eabi/lib/thumb/v7e-m+fp/hard\libc_nano.a(libc_a-abort.o)
 .ARM.attributes
                0x000009b2       0x34 F:/ST/STM32CubeIDE_1.1.0/STM32CubeIDE/plugins/com.st.stm32cube.ide.mcu.externaltools.gnu-tools-for-stm32.13.3.rel1.win32_1.0.0.202411081344/tools/bin/../lib/gcc/arm-none-eabi/13.3.1/../../../../arm-none-eabi/lib/thumb/v7e-m+fp/hard\libc_nano.a(libc_a-nano-vfprintf.o)
 .ARM.attributes
                0x000009e6       0x34 F:/ST/STM32CubeIDE_1.1.0/STM32CubeIDE/plugins/com.st.stm32cube.ide.mcu.externaltools.gnu-tools-for-stm32.13.3.rel1.win32_1.0.0.202411081344/tools/bin/../lib/gcc/arm-none-eabi/13.3.1/../../../../arm-none-eabi/lib/thumb/v7e-m+fp/hard\libc_nano.a(libc_a-nano-vfprintf_i.o)
 .ARM.attributes
                0x00000a1a       0x34 F:/ST/STM32CubeIDE_1.1.0/STM32CubeIDE/plugins/com.st.stm32cube.ide.mcu.externaltools.gnu-tools-for-stm32.13.3.rel1.win32_1.0.0.202411081344/tools/bin/../lib/gcc/arm-none-eabi/13.3.1/../../../../arm-none-eabi/lib/thumb/v7e-m+fp/hard\libc_nano.a(libc_a-wbuf.o)
 .ARM.attributes
                0x00000a4e       0x34 F:/ST/STM32CubeIDE_1.1.0/STM32CubeIDE/plugins/com.st.stm32cube.ide.mcu.externaltools.gnu-tools-for-stm32.13.3.rel1.win32_1.0.0.202411081344/tools/bin/../lib/gcc/arm-none-eabi/13.3.1/../../../../arm-none-eabi/lib/thumb/v7e-m+fp/hard\libc_nano.a(libc_a-wsetup.o)
 .ARM.attributes
                0x00000a82       0x34 F:/ST/STM32CubeIDE_1.1.0/STM32CubeIDE/plugins/com.st.stm32cube.ide.mcu.externaltools.gnu-tools-for-stm32.13.3.rel1.win32_1.0.0.202411081344/tools/bin/../lib/gcc/arm-none-eabi/13.3.1/../../../../arm-none-eabi/lib/thumb/v7e-m+fp/hard\libc_nano.a(libc_a-signal.o)
 .ARM.attributes
                0x00000ab6       0x34 F:/ST/STM32CubeIDE_1.1.0/STM32CubeIDE/plugins/com.st.stm32cube.ide.mcu.externaltools.gnu-tools-for-stm32.13.3.rel1.win32_1.0.0.202411081344/tools/bin/../lib/gcc/arm-none-eabi/13.3.1/../../../../arm-none-eabi/lib/thumb/v7e-m+fp/hard\libc_nano.a(libc_a-signalr.o)
 .ARM.attributes
                0x00000aea       0x1c F:/ST/STM32CubeIDE_1.1.0/STM32CubeIDE/plugins/com.st.stm32cube.ide.mcu.externaltools.gnu-tools-for-stm32.13.3.rel1.win32_1.0.0.202411081344/tools/bin/../lib/gcc/arm-none-eabi/13.3.1/../../../../arm-none-eabi/lib/thumb/v7e-m+fp/hard\libc_nano.a(libc_a-memchr.o)
 .ARM.attributes
                0x00000b06       0x34 F:/ST/STM32CubeIDE_1.1.0/STM32CubeIDE/plugins/com.st.stm32cube.ide.mcu.externaltools.gnu-tools-for-stm32.13.3.rel1.win32_1.0.0.202411081344/tools/bin/../lib/gcc/arm-none-eabi/13.3.1/../../../../arm-none-eabi/lib/thumb/v7e-m+fp/hard\libc_nano.a(libc_a-makebuf.o)
 .ARM.attributes
                0x00000b3a       0x34 F:/ST/STM32CubeIDE_1.1.0/STM32CubeIDE/plugins/com.st.stm32cube.ide.mcu.externaltools.gnu-tools-for-stm32.13.3.rel1.win32_1.0.0.202411081344/tools/bin/../lib/gcc/arm-none-eabi/13.3.1/../../../../arm-none-eabi/lib/thumb/v7e-m+fp/hard\libc_nano.a(libc_a-fstatr.o)
 .ARM.attributes
                0x00000b6e       0x34 F:/ST/STM32CubeIDE_1.1.0/STM32CubeIDE/plugins/com.st.stm32cube.ide.mcu.externaltools.gnu-tools-for-stm32.13.3.rel1.win32_1.0.0.202411081344/tools/bin/../lib/gcc/arm-none-eabi/13.3.1/../../../../arm-none-eabi/lib/thumb/v7e-m+fp/hard\libc_nano.a(libc_a-isattyr.o)
 .ARM.attributes
                0x00000ba2       0x22 F:/ST/STM32CubeIDE_1.1.0/STM32CubeIDE/plugins/com.st.stm32cube.ide.mcu.externaltools.gnu-tools-for-stm32.13.3.rel1.win32_1.0.0.202411081344/tools/bin/../lib/gcc/arm-none-eabi/13.3.1/thumb/v7e-m+fp/hard\libgcc.a(_aeabi_ldivmod.o)
 .ARM.attributes
                0x00000bc4       0x34 F:/ST/STM32CubeIDE_1.1.0/STM32CubeIDE/plugins/com.st.stm32cube.ide.mcu.externaltools.gnu-tools-for-stm32.13.3.rel1.win32_1.0.0.202411081344/tools/bin/../lib/gcc/arm-none-eabi/13.3.1/thumb/v7e-m+fp/hard\libgcc.a(_udivmoddi4.o)
 .ARM.attributes
                0x00000bf8       0x22 F:/ST/STM32CubeIDE_1.1.0/STM32CubeIDE/plugins/com.st.stm32cube.ide.mcu.externaltools.gnu-tools-for-stm32.13.3.rel1.win32_1.0.0.202411081344/tools/bin/../lib/gcc/arm-none-eabi/13.3.1/thumb/v7e-m+fp/hard\libgcc.a(_dvmd_tls.o)
 .ARM.attributes
                0x00000c1a       0x22 F:/ST/STM32CubeIDE_1.1.0/STM32CubeIDE/plugins/com.st.stm32cube.ide.mcu.externaltools.gnu-tools-for-stm32.13.3.rel1.win32_1.0.0.202411081344/tools/bin/../lib/gcc/arm-none-eabi/13.3.1/thumb/v7e-m+fp/hard/crtn.o
OUTPUT(stm32f407vet6_display_fsmc_16b_ili9341.elf elf32-littlearm)
LOAD linker stubs
LOAD F:/ST/STM32CubeIDE_1.1.0/STM32CubeIDE/plugins/com.st.stm32cube.ide.mcu.externaltools.gnu-tools-for-stm32.13.3.rel1.win32_1.0.0.202411081344/tools/bin/../lib/gcc/arm-none-eabi/13.3.1/../../../../arm-none-eabi/lib/thumb/v7e-m+fp/hard\libc.a
LOAD F:/ST/STM32CubeIDE_1.1.0/STM32CubeIDE/plugins/com.st.stm32cube.ide.mcu.externaltools.gnu-tools-for-stm32.13.3.rel1.win32_1.0.0.202411081344/tools/bin/../lib/gcc/arm-none-eabi/13.3.1/../../../../arm-none-eabi/lib/thumb/v7e-m+fp/hard\libm.a
LOAD F:/ST/STM32CubeIDE_1.1.0/STM32CubeIDE/plugins/com.st.stm32cube.ide.mcu.externaltools.gnu-tools-for-stm32.13.3.rel1.win32_1.0.0.202411081344/tools/bin/../lib/gcc/arm-none-eabi/13.3.1/thumb/v7e-m+fp/hard\libgcc.a

.comment        0x00000000       0x43
 .comment       0x00000000       0x43 ./Core/Src/main.o
                                 0x44 (size before relaxing)
 .comment       0x00000043       0x44 ./Core/Src/syscalls.o
 .comment       0x00000043       0x44 ./Core/Src/sysmem.o
 .comment       0x00000043       0x44 ./Display/display.o
 .comment       0x00000043       0x44 ./Display/fonts.o
 .comment       0x00000043       0x44 ./Display/ili9488.o
 .comment       0x00000043       0x44 ./JPEG/jpeg_chan.o
 .comment       0x00000043       0x44 ./JPEG/tjpgd.o
 .comment       0x00000043       0x44 ./MicroGL2D/microgl2d.o
 .comment       0x00000043       0x44 ./Textures/jpeg_files.o
 .comment       0x00000043       0x44 ./Textures/textures.o
 .comment       0x00000043       0x44 ./XPT2046/calibrate_touch.o
 .comment       0x00000043       0x44 ./XPT2046/demo.o
 .comment       0x00000043       0x44 ./XPT2046/xpt2046.o

.debug_frame    0x00000000      0xb8c
 .debug_frame   0x00000000       0x20 F:/ST/STM32CubeIDE_1.1.0/STM32CubeIDE/plugins/com.st.stm32cube.ide.mcu.externaltools.gnu-tools-for-stm32.13.3.rel1.win32_1.0.0.202411081344/tools/bin/../lib/gcc/arm-none-eabi/13.3.1/../../../../arm-none-eabi/lib/thumb/v7e-m+fp/hard\libc_nano.a(libc_a-calloc.o)
 .debug_frame   0x00000020       0x2c F:/ST/STM32CubeIDE_1.1.0/STM32CubeIDE/plugins/com.st.stm32cube.ide.mcu.externaltools.gnu-tools-for-stm32.13.3.rel1.win32_1.0.0.202411081344/tools/bin/../lib/gcc/arm-none-eabi/13.3.1/../../../../arm-none-eabi/lib/thumb/v7e-m+fp/hard\libc_nano.a(libc_a-callocr.o)
 .debug_frame   0x0000004c       0x38 F:/ST/STM32CubeIDE_1.1.0/STM32CubeIDE/plugins/com.st.stm32cube.ide.mcu.externaltools.gnu-tools-for-stm32.13.3.rel1.win32_1.0.0.202411081344/tools/bin/../lib/gcc/arm-none-eabi/13.3.1/../../../../arm-none-eabi/lib/thumb/v7e-m+fp/hard\libc_nano.a(libc_a-itoa.o)
 .debug_frame   0x00000084       0x30 F:/ST/STM32CubeIDE_1.1.0/STM32CubeIDE/plugins/com.st.stm32cube.ide.mcu.externaltools.gnu-tools-for-stm32.13.3.rel1.win32_1.0.0.202411081344/tools/bin/../lib/gcc/arm-none-eabi/13.3.1/../../../../arm-none-eabi/lib/thumb/v7e-m+fp/hard\libc_nano.a(libc_a-malloc.o)
 .debug_frame   0x000000b4       0x50 F:/ST/STM32CubeIDE_1.1.0/STM32CubeIDE/plugins/com.st.stm32cube.ide.mcu.externaltools.gnu-tools-for-stm32.13.3.rel1.win32_1.0.0.202411081344/tools/bin/../lib/gcc/arm-none-eabi/13.3.1/../../../../arm-none-eabi/lib/thumb/v7e-m+fp/hard\libc_nano.a(libc_a-mallocr.o)
 .debug_frame   0x00000104       0x30 F:/ST/STM32CubeIDE_1.1.0/STM32CubeIDE/plugins/com.st.stm32cube.ide.mcu.externaltools.gnu-tools-for-stm32.13.3.rel1.win32_1.0.0.202411081344/tools/bin/../lib/gcc/arm-none-eabi/13.3.1/../../../../arm-none-eabi/lib/thumb/v7e-m+fp/hard\libc_nano.a(libc_a-mlock.o)
 .debug_frame   0x00000134       0x44 F:/ST/STM32CubeIDE_1.1.0/STM32CubeIDE/plugins/com.st.stm32cube.ide.mcu.externaltools.gnu-tools-for-stm32.13.3.rel1.win32_1.0.0.202411081344/tools/bin/../lib/gcc/arm-none-eabi/13.3.1/../../../../arm-none-eabi/lib/thumb/v7e-m+fp/hard\libc_nano.a(libc_a-rand.o)
 .debug_frame   0x00000178       0x48 F:/ST/STM32CubeIDE_1.1.0/STM32CubeIDE/plugins/com.st.stm32cube.ide.mcu.externaltools.gnu-tools-for-stm32.13.3.rel1.win32_1.0.0.202411081344/tools/bin/../lib/gcc/arm-none-eabi/13.3.1/../../../../arm-none-eabi/lib/thumb/v7e-m+fp/hard\libc_nano.a(libc_a-utoa.o)
 .debug_frame   0x000001c0      0x144 F:/ST/STM32CubeIDE_1.1.0/STM32CubeIDE/plugins/com.st.stm32cube.ide.mcu.externaltools.gnu-tools-for-stm32.13.3.rel1.win32_1.0.0.202411081344/tools/bin/../lib/gcc/arm-none-eabi/13.3.1/../../../../arm-none-eabi/lib/thumb/v7e-m+fp/hard\libc_nano.a(libc_a-findfp.o)
 .debug_frame   0x00000304       0x34 F:/ST/STM32CubeIDE_1.1.0/STM32CubeIDE/plugins/com.st.stm32cube.ide.mcu.externaltools.gnu-tools-for-stm32.13.3.rel1.win32_1.0.0.202411081344/tools/bin/../lib/gcc/arm-none-eabi/13.3.1/../../../../arm-none-eabi/lib/thumb/v7e-m+fp/hard\libc_nano.a(libc_a-fwalk.o)
 .debug_frame   0x00000338       0x88 F:/ST/STM32CubeIDE_1.1.0/STM32CubeIDE/plugins/com.st.stm32cube.ide.mcu.externaltools.gnu-tools-for-stm32.13.3.rel1.win32_1.0.0.202411081344/tools/bin/../lib/gcc/arm-none-eabi/13.3.1/../../../../arm-none-eabi/lib/thumb/v7e-m+fp/hard\libc_nano.a(libc_a-stdio.o)
 .debug_frame   0x000003c0       0x28 F:/ST/STM32CubeIDE_1.1.0/STM32CubeIDE/plugins/com.st.stm32cube.ide.mcu.externaltools.gnu-tools-for-stm32.13.3.rel1.win32_1.0.0.202411081344/tools/bin/../lib/gcc/arm-none-eabi/13.3.1/../../../../arm-none-eabi/lib/thumb/v7e-m+fp/hard\libc_nano.a(libc_a-memmove.o)
 .debug_frame   0x000003e8       0x20 F:/ST/STM32CubeIDE_1.1.0/STM32CubeIDE/plugins/com.st.stm32cube.ide.mcu.externaltools.gnu-tools-for-stm32.13.3.rel1.win32_1.0.0.202411081344/tools/bin/../lib/gcc/arm-none-eabi/13.3.1/../../../../arm-none-eabi/lib/thumb/v7e-m+fp/hard\libc_nano.a(libc_a-memset.o)
 .debug_frame   0x00000408       0x28 F:/ST/STM32CubeIDE_1.1.0/STM32CubeIDE/plugins/com.st.stm32cube.ide.mcu.externaltools.gnu-tools-for-stm32.13.3.rel1.win32_1.0.0.202411081344/tools/bin/../lib/gcc/arm-none-eabi/13.3.1/../../../../arm-none-eabi/lib/thumb/v7e-m+fp/hard\libc_nano.a(libc_a-strcat.o)
 .debug_frame   0x00000430       0x20 F:/ST/STM32CubeIDE_1.1.0/STM32CubeIDE/plugins/com.st.stm32cube.ide.mcu.externaltools.gnu-tools-for-stm32.13.3.rel1.win32_1.0.0.202411081344/tools/bin/../lib/gcc/arm-none-eabi/13.3.1/../../../../arm-none-eabi/lib/thumb/v7e-m+fp/hard\libc_nano.a(libc_a-stpcpy.o)
 .debug_frame   0x00000450       0x2c F:/ST/STM32CubeIDE_1.1.0/STM32CubeIDE/plugins/com.st.stm32cube.ide.mcu.externaltools.gnu-tools-for-stm32.13.3.rel1.win32_1.0.0.202411081344/tools/bin/../lib/gcc/arm-none-eabi/13.3.1/../../../../arm-none-eabi/lib/thumb/v7e-m+fp/hard\libc_nano.a(libc_a-closer.o)
 .debug_frame   0x0000047c       0x38 F:/ST/STM32CubeIDE_1.1.0/STM32CubeIDE/plugins/com.st.stm32cube.ide.mcu.externaltools.gnu-tools-for-stm32.13.3.rel1.win32_1.0.0.202411081344/tools/bin/../lib/gcc/arm-none-eabi/13.3.1/../../../../arm-none-eabi/lib/thumb/v7e-m+fp/hard\libc_nano.a(libc_a-reent.o)
 .debug_frame   0x000004b4       0x2c F:/ST/STM32CubeIDE_1.1.0/STM32CubeIDE/plugins/com.st.stm32cube.ide.mcu.externaltools.gnu-tools-for-stm32.13.3.rel1.win32_1.0.0.202411081344/tools/bin/../lib/gcc/arm-none-eabi/13.3.1/../../../../arm-none-eabi/lib/thumb/v7e-m+fp/hard\libc_nano.a(libc_a-lseekr.o)
 .debug_frame   0x000004e0       0x2c F:/ST/STM32CubeIDE_1.1.0/STM32CubeIDE/plugins/com.st.stm32cube.ide.mcu.externaltools.gnu-tools-for-stm32.13.3.rel1.win32_1.0.0.202411081344/tools/bin/../lib/gcc/arm-none-eabi/13.3.1/../../../../arm-none-eabi/lib/thumb/v7e-m+fp/hard\libc_nano.a(libc_a-readr.o)
 .debug_frame   0x0000050c       0x2c F:/ST/STM32CubeIDE_1.1.0/STM32CubeIDE/plugins/com.st.stm32cube.ide.mcu.externaltools.gnu-tools-for-stm32.13.3.rel1.win32_1.0.0.202411081344/tools/bin/../lib/gcc/arm-none-eabi/13.3.1/../../../../arm-none-eabi/lib/thumb/v7e-m+fp/hard\libc_nano.a(libc_a-sbrkr.o)
 .debug_frame   0x00000538       0x2c F:/ST/STM32CubeIDE_1.1.0/STM32CubeIDE/plugins/com.st.stm32cube.ide.mcu.externaltools.gnu-tools-for-stm32.13.3.rel1.win32_1.0.0.202411081344/tools/bin/../lib/gcc/arm-none-eabi/13.3.1/../../../../arm-none-eabi/lib/thumb/v7e-m+fp/hard\libc_nano.a(libc_a-writer.o)
 .debug_frame   0x00000564       0x20 F:/ST/STM32CubeIDE_1.1.0/STM32CubeIDE/plugins/com.st.stm32cube.ide.mcu.externaltools.gnu-tools-for-stm32.13.3.rel1.win32_1.0.0.202411081344/tools/bin/../lib/gcc/arm-none-eabi/13.3.1/../../../../arm-none-eabi/lib/thumb/v7e-m+fp/hard\libc_nano.a(libc_a-errno.o)
 .debug_frame   0x00000584       0x2c F:/ST/STM32CubeIDE_1.1.0/STM32CubeIDE/plugins/com.st.stm32cube.ide.mcu.externaltools.gnu-tools-for-stm32.13.3.rel1.win32_1.0.0.202411081344/tools/bin/../lib/gcc/arm-none-eabi/13.3.1/../../../../arm-none-eabi/lib/thumb/v7e-m+fp/hard\libc_nano.a(libc_a-init.o)
 .debug_frame   0x000005b0       0xb0 F:/ST/STM32CubeIDE_1.1.0/STM32CubeIDE/plugins/com.st.stm32cube.ide.mcu.externaltools.gnu-tools-for-stm32.13.3.rel1.win32_1.0.0.202411081344/tools/bin/../lib/gcc/arm-none-eabi/13.3.1/../../../../arm-none-eabi/lib/thumb/v7e-m+fp/hard\libc_nano.a(libc_a-lock.o)
 .debug_frame   0x00000660       0x28 F:/ST/STM32CubeIDE_1.1.0/STM32CubeIDE/plugins/com.st.stm32cube.ide.mcu.externaltools.gnu-tools-for-stm32.13.3.rel1.win32_1.0.0.202411081344/tools/bin/../lib/gcc/arm-none-eabi/13.3.1/../../../../arm-none-eabi/lib/thumb/v7e-m+fp/hard\libc_nano.a(libc_a-memcpy-stub.o)
 .debug_frame   0x00000688       0x40 F:/ST/STM32CubeIDE_1.1.0/STM32CubeIDE/plugins/com.st.stm32cube.ide.mcu.externaltools.gnu-tools-for-stm32.13.3.rel1.win32_1.0.0.202411081344/tools/bin/../lib/gcc/arm-none-eabi/13.3.1/../../../../arm-none-eabi/lib/thumb/v7e-m+fp/hard\libc_nano.a(libc_a-assert.o)
 .debug_frame   0x000006c8       0x38 F:/ST/STM32CubeIDE_1.1.0/STM32CubeIDE/plugins/com.st.stm32cube.ide.mcu.externaltools.gnu-tools-for-stm32.13.3.rel1.win32_1.0.0.202411081344/tools/bin/../lib/gcc/arm-none-eabi/13.3.1/../../../../arm-none-eabi/lib/thumb/v7e-m+fp/hard\libc_nano.a(libc_a-freer.o)
 .debug_frame   0x00000700       0x5c F:/ST/STM32CubeIDE_1.1.0/STM32CubeIDE/plugins/com.st.stm32cube.ide.mcu.externaltools.gnu-tools-for-stm32.13.3.rel1.win32_1.0.0.202411081344/tools/bin/../lib/gcc/arm-none-eabi/13.3.1/../../../../arm-none-eabi/lib/thumb/v7e-m+fp/hard\libc_nano.a(libc_a-fflush.o)
 .debug_frame   0x0000075c       0x64 F:/ST/STM32CubeIDE_1.1.0/STM32CubeIDE/plugins/com.st.stm32cube.ide.mcu.externaltools.gnu-tools-for-stm32.13.3.rel1.win32_1.0.0.202411081344/tools/bin/../lib/gcc/arm-none-eabi/13.3.1/../../../../arm-none-eabi/lib/thumb/v7e-m+fp/hard\libc_nano.a(libc_a-fprintf.o)
 .debug_frame   0x000007c0       0x28 F:/ST/STM32CubeIDE_1.1.0/STM32CubeIDE/plugins/com.st.stm32cube.ide.mcu.externaltools.gnu-tools-for-stm32.13.3.rel1.win32_1.0.0.202411081344/tools/bin/../lib/gcc/arm-none-eabi/13.3.1/../../../../arm-none-eabi/lib/thumb/v7e-m+fp/hard\libc_nano.a(libc_a-abort.o)
 .debug_frame   0x000007e8       0xa8 F:/ST/STM32CubeIDE_1.1.0/STM32CubeIDE/plugins/com.st.stm32cube.ide.mcu.externaltools.gnu-tools-for-stm32.13.3.rel1.win32_1.0.0.202411081344/tools/bin/../lib/gcc/arm-none-eabi/13.3.1/../../../../arm-none-eabi/lib/thumb/v7e-m+fp/hard\libc_nano.a(libc_a-nano-vfprintf.o)
 .debug_frame   0x00000890       0x60 F:/ST/STM32CubeIDE_1.1.0/STM32CubeIDE/plugins/com.st.stm32cube.ide.mcu.externaltools.gnu-tools-for-stm32.13.3.rel1.win32_1.0.0.202411081344/tools/bin/../lib/gcc/arm-none-eabi/13.3.1/../../../../arm-none-eabi/lib/thumb/v7e-m+fp/hard\libc_nano.a(libc_a-nano-vfprintf_i.o)
 .debug_frame   0x000008f0       0x40 F:/ST/STM32CubeIDE_1.1.0/STM32CubeIDE/plugins/com.st.stm32cube.ide.mcu.externaltools.gnu-tools-for-stm32.13.3.rel1.win32_1.0.0.202411081344/tools/bin/../lib/gcc/arm-none-eabi/13.3.1/../../../../arm-none-eabi/lib/thumb/v7e-m+fp/hard\libc_nano.a(libc_a-wbuf.o)
 .debug_frame   0x00000930       0x2c F:/ST/STM32CubeIDE_1.1.0/STM32CubeIDE/plugins/com.st.stm32cube.ide.mcu.externaltools.gnu-tools-for-stm32.13.3.rel1.win32_1.0.0.202411081344/tools/bin/../lib/gcc/arm-none-eabi/13.3.1/../../../../arm-none-eabi/lib/thumb/v7e-m+fp/hard\libc_nano.a(libc_a-wsetup.o)
 .debug_frame   0x0000095c       0xcc F:/ST/STM32CubeIDE_1.1.0/STM32CubeIDE/plugins/com.st.stm32cube.ide.mcu.externaltools.gnu-tools-for-stm32.13.3.rel1.win32_1.0.0.202411081344/tools/bin/../lib/gcc/arm-none-eabi/13.3.1/../../../../arm-none-eabi/lib/thumb/v7e-m+fp/hard\libc_nano.a(libc_a-signal.o)
 .debug_frame   0x00000a28       0x3c F:/ST/STM32CubeIDE_1.1.0/STM32CubeIDE/plugins/com.st.stm32cube.ide.mcu.externaltools.gnu-tools-for-stm32.13.3.rel1.win32_1.0.0.202411081344/tools/bin/../lib/gcc/arm-none-eabi/13.3.1/../../../../arm-none-eabi/lib/thumb/v7e-m+fp/hard\libc_nano.a(libc_a-signalr.o)
 .debug_frame   0x00000a64       0x58 F:/ST/STM32CubeIDE_1.1.0/STM32CubeIDE/plugins/com.st.stm32cube.ide.mcu.externaltools.gnu-tools-for-stm32.13.3.rel1.win32_1.0.0.202411081344/tools/bin/../lib/gcc/arm-none-eabi/13.3.1/../../../../arm-none-eabi/lib/thumb/v7e-m+fp/hard\libc_nano.a(libc_a-makebuf.o)
 .debug_frame   0x00000abc       0x2c F:/ST/STM32CubeIDE_1.1.0/STM32CubeIDE/plugins/com.st.stm32cube.ide.mcu.externaltools.gnu-tools-for-stm32.13.3.rel1.win32_1.0.0.202411081344/tools/bin/../lib/gcc/arm-none-eabi/13.3.1/../../../../arm-none-eabi/lib/thumb/v7e-m+fp/hard\libc_nano.a(libc_a-fstatr.o)